Archive member included to satisfy reference by file (symbol)

d:/7 2018-q2-update/bin/../lib/gcc/arm-none-eabi/7.3.1/thumb/v7e-m/fpv4-sp/hard\libgcc.a(_arm_addsubdf3.o)
                              ..\obj\main.o (__aeabi_dsub)
d:/7 2018-q2-update/bin/../lib/gcc/arm-none-eabi/7.3.1/thumb/v7e-m/fpv4-sp/hard\libgcc.a(_arm_muldivdf3.o)
                              ..\obj\main.o (__aeabi_dmul)
d:/7 2018-q2-update/bin/../lib/gcc/arm-none-eabi/7.3.1/thumb/v7e-m/fpv4-sp/hard\libgcc.a(_arm_cmpdf2.o)
                              ..\obj\main.o (__aeabi_dcmplt)
d:/7 2018-q2-update/bin/../lib/gcc/arm-none-eabi/7.3.1/../../../../arm-none-eabi/lib/thumb/v7e-m/fpv4-sp/hard\libg.a(lib_a-memcpy.o)
                              ..\obj\queue.o (memcpy)
d:/7 2018-q2-update/bin/../lib/gcc/arm-none-eabi/7.3.1/../../../../arm-none-eabi/lib/thumb/v7e-m/fpv4-sp/hard\libg.a(lib_a-memset.o)
                              ..\obj\tasks.o (memset)

Allocating common symbols
Common symbol       size              file

g_led               0x4               ..\obj\main.o
xQueueRegistry      0x40              ..\obj\queue.o

Discarded input sections

 .text          0x00000000        0x0 ..\obj\stm32f30x_rcc.o
 .data          0x00000000       0x2a ..\obj\stm32f30x_rcc.o
 .bss           0x00000000        0x0 ..\obj\stm32f30x_rcc.o
 .text.RCC_DeInit
                0x00000000       0x7c ..\obj\stm32f30x_rcc.o
 .text.RCC_HSEConfig
                0x00000000       0x28 ..\obj\stm32f30x_rcc.o
 .text.RCC_WaitForHSEStartUp
                0x00000000       0x50 ..\obj\stm32f30x_rcc.o
 .text.RCC_AdjustHSICalibrationValue
                0x00000000       0x3c ..\obj\stm32f30x_rcc.o
 .text.RCC_HSICmd
                0x00000000       0x20 ..\obj\stm32f30x_rcc.o
 .text.RCC_LSEConfig
                0x00000000       0x3c ..\obj\stm32f30x_rcc.o
 .text.RCC_LSEDriveConfig
                0x00000000       0x30 ..\obj\stm32f30x_rcc.o
 .text.RCC_LSICmd
                0x00000000       0x20 ..\obj\stm32f30x_rcc.o
 .text.RCC_PLLConfig
                0x00000000       0x38 ..\obj\stm32f30x_rcc.o
 .text.RCC_PLLCmd
                0x00000000       0x20 ..\obj\stm32f30x_rcc.o
 .text.RCC_PREDIV1Config
                0x00000000       0x38 ..\obj\stm32f30x_rcc.o
 .text.RCC_ClockSecuritySystemCmd
                0x00000000       0x20 ..\obj\stm32f30x_rcc.o
 .text.RCC_MCOConfig
                0x00000000       0x20 ..\obj\stm32f30x_rcc.o
 .text.RCC_SYSCLKConfig
                0x00000000       0x38 ..\obj\stm32f30x_rcc.o
 .text.RCC_GetSYSCLKSource
                0x00000000       0x20 ..\obj\stm32f30x_rcc.o
 .text.RCC_HCLKConfig
                0x00000000       0x38 ..\obj\stm32f30x_rcc.o
 .text.RCC_PCLK1Config
                0x00000000       0x38 ..\obj\stm32f30x_rcc.o
 .text.RCC_PCLK2Config
                0x00000000       0x3c ..\obj\stm32f30x_rcc.o
 .text.RCC_GetClocksFreq
                0x00000000      0x41c ..\obj\stm32f30x_rcc.o
 .text.RCC_ADCCLKConfig
                0x00000000       0x50 ..\obj\stm32f30x_rcc.o
 .text.RCC_I2CCLKConfig
                0x00000000       0x50 ..\obj\stm32f30x_rcc.o
 .text.RCC_TIMCLKConfig
                0x00000000       0x50 ..\obj\stm32f30x_rcc.o
 .text.RCC_USARTCLKConfig
                0x00000000       0x98 ..\obj\stm32f30x_rcc.o
 .text.RCC_USBCLKConfig
                0x00000000       0x20 ..\obj\stm32f30x_rcc.o
 .text.RCC_RTCCLKConfig
                0x00000000       0x24 ..\obj\stm32f30x_rcc.o
 .text.RCC_I2SCLKConfig
                0x00000000       0x20 ..\obj\stm32f30x_rcc.o
 .text.RCC_RTCCLKCmd
                0x00000000       0x20 ..\obj\stm32f30x_rcc.o
 .text.RCC_BackupResetCmd
                0x00000000       0x20 ..\obj\stm32f30x_rcc.o
 .text.RCC_APB1PeriphClockCmd
                0x00000000       0x40 ..\obj\stm32f30x_rcc.o
 .text.RCC_AHBPeriphResetCmd
                0x00000000       0x40 ..\obj\stm32f30x_rcc.o
 .text.RCC_APB2PeriphResetCmd
                0x00000000       0x40 ..\obj\stm32f30x_rcc.o
 .text.RCC_APB1PeriphResetCmd
                0x00000000       0x40 ..\obj\stm32f30x_rcc.o
 .text.RCC_ITConfig
                0x00000000       0x4c ..\obj\stm32f30x_rcc.o
 .text.RCC_GetFlagStatus
                0x00000000       0x84 ..\obj\stm32f30x_rcc.o
 .text.RCC_ClearFlag
                0x00000000       0x20 ..\obj\stm32f30x_rcc.o
 .text.RCC_GetITStatus
                0x00000000       0x38 ..\obj\stm32f30x_rcc.o
 .text.RCC_ClearITPendingBit
                0x00000000       0x20 ..\obj\stm32f30x_rcc.o
 .text          0x00000000        0x0 ..\obj\stm32303c_eval.o
 .data          0x00000000       0x34 ..\obj\stm32303c_eval.o
 .bss           0x00000000        0x0 ..\obj\stm32303c_eval.o
 .rodata        0x00000000       0x81 ..\obj\stm32303c_eval.o
 .text.STM_EVAL_LEDInit
                0x00000000       0x70 ..\obj\stm32303c_eval.o
 .text.STM_EVAL_LEDOn
                0x00000000       0x30 ..\obj\stm32303c_eval.o
 .text.STM_EVAL_LEDOff
                0x00000000       0x34 ..\obj\stm32303c_eval.o
 .text.STM_EVAL_LEDToggle
                0x00000000       0x40 ..\obj\stm32303c_eval.o
 .text.STM_EVAL_PBInit
                0x00000000       0xe0 ..\obj\stm32303c_eval.o
 .text.STM_EVAL_PBGetState
                0x00000000       0x44 ..\obj\stm32303c_eval.o
 .text.STM_EVAL_COMInit
                0x00000000       0xc4 ..\obj\stm32303c_eval.o
 .text.SD_LowLevel_DeInit
                0x00000000       0x90 ..\obj\stm32303c_eval.o
 .text.SD_LowLevel_Init
                0x00000000      0x11c ..\obj\stm32303c_eval.o
 .text.TS751_LowLevel_DeInit
                0x00000000       0x68 ..\obj\stm32303c_eval.o
 .text.TS751_LowLevel_Init
                0x00000000       0x94 ..\obj\stm32303c_eval.o
 .text.sEE_I2C_LowLevel_DeInit
                0x00000000       0x58 ..\obj\stm32303c_eval.o
 .text.sEE_I2C_LowLevel_Init
                0x00000000       0x74 ..\obj\stm32303c_eval.o
 .text.sEE_SPI_LowLevel_DeInit
                0x00000000       0x7c ..\obj\stm32303c_eval.o
 .text.sEE_SPI_LowLevel_Init
                0x00000000       0xfc ..\obj\stm32303c_eval.o
 .debug_info    0x00000000      0xeea ..\obj\stm32303c_eval.o
 .debug_abbrev  0x00000000      0x20a ..\obj\stm32303c_eval.o
 .debug_aranges
                0x00000000       0x90 ..\obj\stm32303c_eval.o
 .debug_ranges  0x00000000       0x80 ..\obj\stm32303c_eval.o
 .debug_line    0x00000000      0x3c4 ..\obj\stm32303c_eval.o
 .debug_str     0x00000000      0xe36 ..\obj\stm32303c_eval.o
 .comment       0x00000000       0x80 ..\obj\stm32303c_eval.o
 .debug_frame   0x00000000      0x238 ..\obj\stm32303c_eval.o
 .ARM.attributes
                0x00000000       0x39 ..\obj\stm32303c_eval.o
 .text          0x00000000        0x0 ..\obj\stm32f30x_gpio.o
 .data          0x00000000        0x0 ..\obj\stm32f30x_gpio.o
 .bss           0x00000000        0x0 ..\obj\stm32f30x_gpio.o
 .text.GPIO_DeInit
                0x00000000       0xd8 ..\obj\stm32f30x_gpio.o
 .text.GPIO_PinLockConfig
                0x00000000       0x44 ..\obj\stm32f30x_gpio.o
 .text.GPIO_ReadInputDataBit
                0x00000000       0x38 ..\obj\stm32f30x_gpio.o
 .text.GPIO_ReadInputData
                0x00000000       0x1a ..\obj\stm32f30x_gpio.o
 .text.GPIO_ReadOutputDataBit
                0x00000000       0x38 ..\obj\stm32f30x_gpio.o
 .text.GPIO_ReadOutputData
                0x00000000       0x1a ..\obj\stm32f30x_gpio.o
 .text.GPIO_WriteBit
                0x00000000       0x30 ..\obj\stm32f30x_gpio.o
 .text          0x00000000        0x0 ..\obj\main.o
 .data          0x00000000        0x0 ..\obj\main.o
 .bss           0x00000000        0x0 ..\obj\main.o
 .text          0x00000000        0x0 ..\obj\timers.o
 .data          0x00000000        0x0 ..\obj\timers.o
 .text.xTimerCreate
                0x00000000       0x42 ..\obj\timers.o
 .text.prvInitialiseNewTimer
                0x00000000       0x74 ..\obj\timers.o
 .text.xTimerGetTimerDaemonTaskHandle
                0x00000000       0x38 ..\obj\timers.o
 .text.xTimerGetPeriod
                0x00000000       0x36 ..\obj\timers.o
 .text.vTimerSetReloadMode
                0x00000000       0x64 ..\obj\timers.o
 .text.uxTimerGetReloadMode
                0x00000000       0x50 ..\obj\timers.o
 .text.xTimerGetExpiryTime
                0x00000000       0x3a ..\obj\timers.o
 .text.pcTimerGetName
                0x00000000       0x36 ..\obj\timers.o
 .text.xTimerIsTimerActive
                0x00000000       0x50 ..\obj\timers.o
 .text.pvTimerGetTimerID
                0x00000000       0x3e ..\obj\timers.o
 .text.vTimerSetTimerID
                0x00000000       0x3e ..\obj\timers.o
 .text.uxTimerGetTimerNumber
                0x00000000       0x18 ..\obj\timers.o
 .text.vTimerSetTimerNumber
                0x00000000       0x1c ..\obj\timers.o
 .text          0x00000000        0x0 ..\obj\tasks.o
 .data          0x00000000        0x0 ..\obj\tasks.o
 .text.vTaskDelete
                0x00000000      0x11c ..\obj\tasks.o
 .text.vTaskDelayUntil
                0x00000000       0xf4 ..\obj\tasks.o
 .text.eTaskGetState
                0x00000000       0xf0 ..\obj\tasks.o
 .text.uxTaskPriorityGet
                0x00000000       0x34 ..\obj\tasks.o
 .text.uxTaskPriorityGetFromISR
                0x00000000       0x58 ..\obj\tasks.o
 .text.vTaskPrioritySet
                0x00000000      0x150 ..\obj\tasks.o
 .text.vTaskSuspend
                0x00000000      0x13c ..\obj\tasks.o
 .text.prvTaskIsTaskSuspended
                0x00000000       0x60 ..\obj\tasks.o
 .text.vTaskResume
                0x00000000       0xb8 ..\obj\tasks.o
 .text.xTaskResumeFromISR
                0x00000000       0xe0 ..\obj\tasks.o
 .text.vTaskEndScheduler
                0x00000000       0x30 ..\obj\tasks.o
 .text.xTaskGetTickCountFromISR
                0x00000000       0x24 ..\obj\tasks.o
 .text.uxTaskGetNumberOfTasks
                0x00000000       0x18 ..\obj\tasks.o
 .text.pcTaskGetName
                0x00000000       0x48 ..\obj\tasks.o
 .text.uxTaskGetSystemState
                0x00000000      0x11c ..\obj\tasks.o
 .text.xTaskCatchUpTicks
                0x00000000       0x4c ..\obj\tasks.o
 .text.vTaskPlaceOnUnorderedEventList
                0x00000000       0x74 ..\obj\tasks.o
 .text.vTaskRemoveFromUnorderedEventList
                0x00000000       0xc0 ..\obj\tasks.o
 .text.vTaskSetTimeOutState
                0x00000000       0x4c ..\obj\tasks.o
 .text.uxTaskGetTaskNumber
                0x00000000       0x2c ..\obj\tasks.o
 .text.vTaskSetTaskNumber
                0x00000000       0x26 ..\obj\tasks.o
 .text.vTaskGetInfo
                0x00000000       0xcc ..\obj\tasks.o
 .text.prvListTasksWithinSingleList
                0x00000000       0xa4 ..\obj\tasks.o
 .text.prvTaskCheckFreeStackSpace
                0x00000000       0x38 ..\obj\tasks.o
 .text.xTaskGetCurrentTaskHandle
                0x00000000       0x20 ..\obj\tasks.o
 .text.xTaskPriorityInherit
                0x00000000       0xec ..\obj\tasks.o
 .text.vTaskPriorityDisinheritAfterTimeout
                0x00000000      0x118 ..\obj\tasks.o
 .text.uxTaskResetEventItemValue
                0x00000000       0x30 ..\obj\tasks.o
 .text.pvTaskIncrementMutexHeldCount
                0x00000000       0x28 ..\obj\tasks.o
 .text.ulTaskGenericNotifyTake
                0x00000000       0xcc ..\obj\tasks.o
 .text.xTaskGenericNotifyWait
                0x00000000       0xfc ..\obj\tasks.o
 .text.xTaskGenericNotify
                0x00000000      0x1b8 ..\obj\tasks.o
 .text.xTaskGenericNotifyFromISR
                0x00000000      0x1fc ..\obj\tasks.o
 .text.vTaskGenericNotifyGiveFromISR
                0x00000000      0x150 ..\obj\tasks.o
 .text.xTaskGenericNotifyStateClear
                0x00000000       0x70 ..\obj\tasks.o
 .text.ulTaskGenericNotifyValueClear
                0x00000000       0x5c ..\obj\tasks.o
 .text          0x00000000        0x0 ..\obj\stm32f30x_exti.o
 .data          0x00000000        0x0 ..\obj\stm32f30x_exti.o
 .bss           0x00000000        0x0 ..\obj\stm32f30x_exti.o
 .text.EXTI_DeInit
                0x00000000       0x60 ..\obj\stm32f30x_exti.o
 .text.EXTI_Init
                0x00000000      0x20c ..\obj\stm32f30x_exti.o
 .text.EXTI_StructInit
                0x00000000       0x2c ..\obj\stm32f30x_exti.o
 .text.EXTI_GenerateSWInterrupt
                0x00000000       0x44 ..\obj\stm32f30x_exti.o
 .text.EXTI_GetFlagStatus
                0x00000000       0x48 ..\obj\stm32f30x_exti.o
 .text.EXTI_ClearFlag
                0x00000000       0x34 ..\obj\stm32f30x_exti.o
 .text.EXTI_GetITStatus
                0x00000000       0x70 ..\obj\stm32f30x_exti.o
 .text.EXTI_ClearITPendingBit
                0x00000000       0x34 ..\obj\stm32f30x_exti.o
 .debug_info    0x00000000      0x3d0 ..\obj\stm32f30x_exti.o
 .debug_abbrev  0x00000000      0x195 ..\obj\stm32f30x_exti.o
 .debug_aranges
                0x00000000       0x58 ..\obj\stm32f30x_exti.o
 .debug_ranges  0x00000000       0x48 ..\obj\stm32f30x_exti.o
 .debug_line    0x00000000      0x26d ..\obj\stm32f30x_exti.o
 .debug_str     0x00000000      0x3d3 ..\obj\stm32f30x_exti.o
 .comment       0x00000000       0x80 ..\obj\stm32f30x_exti.o
 .debug_frame   0x00000000      0x148 ..\obj\stm32f30x_exti.o
 .ARM.attributes
                0x00000000       0x39 ..\obj\stm32f30x_exti.o
 .text          0x00000000        0x0 ..\obj\stm32f30x_spi.o
 .data          0x00000000        0x0 ..\obj\stm32f30x_spi.o
 .bss           0x00000000        0x0 ..\obj\stm32f30x_spi.o
 .text.SPI_I2S_DeInit
                0x00000000       0x74 ..\obj\stm32f30x_spi.o
 .text.I2S_StructInit
                0x00000000       0x38 ..\obj\stm32f30x_spi.o
 .text.I2S_Init
                0x00000000      0x17c ..\obj\stm32f30x_spi.o
 .text.SPI_TIModeCmd
                0x00000000       0x40 ..\obj\stm32f30x_spi.o
 .text.I2S_Cmd  0x00000000       0x40 ..\obj\stm32f30x_spi.o
 .text.SPI_DataSizeConfig
                0x00000000       0x38 ..\obj\stm32f30x_spi.o
 .text.SPI_BiDirectionalLineConfig
                0x00000000       0x42 ..\obj\stm32f30x_spi.o
 .text.SPI_NSSInternalSoftwareConfig
                0x00000000       0x44 ..\obj\stm32f30x_spi.o
 .text.I2S_FullDuplexConfig
                0x00000000       0x9c ..\obj\stm32f30x_spi.o
 .text.SPI_SSOutputCmd
                0x00000000       0x40 ..\obj\stm32f30x_spi.o
 .text.SPI_NSSPulseModeCmd
                0x00000000       0x40 ..\obj\stm32f30x_spi.o
 .text.SPI_I2S_SendData16
                0x00000000       0x1e ..\obj\stm32f30x_spi.o
 .text.SPI_I2S_ReceiveData16
                0x00000000       0x1a ..\obj\stm32f30x_spi.o
 .text.SPI_CRCLengthConfig
                0x00000000       0x38 ..\obj\stm32f30x_spi.o
 .text.SPI_CalculateCRC
                0x00000000       0x40 ..\obj\stm32f30x_spi.o
 .text.SPI_TransmitCRC
                0x00000000       0x24 ..\obj\stm32f30x_spi.o
 .text.SPI_GetCRC
                0x00000000       0x32 ..\obj\stm32f30x_spi.o
 .text.SPI_GetCRCPolynomial
                0x00000000       0x1a ..\obj\stm32f30x_spi.o
 .text.SPI_I2S_DMACmd
                0x00000000       0x48 ..\obj\stm32f30x_spi.o
 .text.SPI_LastDMATransferCmd
                0x00000000       0x38 ..\obj\stm32f30x_spi.o
 .text.SPI_I2S_ITConfig
                0x00000000       0x62 ..\obj\stm32f30x_spi.o
 .text.SPI_GetTransmissionFIFOStatus
                0x00000000       0x20 ..\obj\stm32f30x_spi.o
 .text.SPI_GetReceptionFIFOStatus
                0x00000000       0x20 ..\obj\stm32f30x_spi.o
 .text.SPI_I2S_ClearFlag
                0x00000000       0x22 ..\obj\stm32f30x_spi.o
 .text.SPI_I2S_GetITStatus
                0x00000000       0x76 ..\obj\stm32f30x_spi.o
 .text          0x00000000        0x0 ..\obj\stm32f30x_i2c.o
 .data          0x00000000        0x0 ..\obj\stm32f30x_i2c.o
 .bss           0x00000000        0x0 ..\obj\stm32f30x_i2c.o
 .text.I2C_DeInit
                0x00000000       0x48 ..\obj\stm32f30x_i2c.o
 .text.I2C_Init
                0x00000000       0xcc ..\obj\stm32f30x_i2c.o
 .text.I2C_StructInit
                0x00000000       0x40 ..\obj\stm32f30x_i2c.o
 .text.I2C_Cmd  0x00000000       0x38 ..\obj\stm32f30x_i2c.o
 .text.I2C_SoftwareResetCmd
                0x00000000       0x30 ..\obj\stm32f30x_i2c.o
 .text.I2C_ITConfig
                0x00000000       0x3c ..\obj\stm32f30x_i2c.o
 .text.I2C_StretchClockCmd
                0x00000000       0x38 ..\obj\stm32f30x_i2c.o
 .text.I2C_StopModeCmd
                0x00000000       0x38 ..\obj\stm32f30x_i2c.o
 .text.I2C_DualAddressCmd
                0x00000000       0x38 ..\obj\stm32f30x_i2c.o
 .text.I2C_OwnAddress2Config
                0x00000000       0x4e ..\obj\stm32f30x_i2c.o
 .text.I2C_GeneralCallCmd
                0x00000000       0x38 ..\obj\stm32f30x_i2c.o
 .text.I2C_SlaveByteControlCmd
                0x00000000       0x38 ..\obj\stm32f30x_i2c.o
 .text.I2C_SlaveAddressConfig
                0x00000000       0x40 ..\obj\stm32f30x_i2c.o
 .text.I2C_10BitAddressingModeCmd
                0x00000000       0x38 ..\obj\stm32f30x_i2c.o
 .text.I2C_AutoEndCmd
                0x00000000       0x38 ..\obj\stm32f30x_i2c.o
 .text.I2C_ReloadCmd
                0x00000000       0x38 ..\obj\stm32f30x_i2c.o
 .text.I2C_NumberOfBytesConfig
                0x00000000       0x3e ..\obj\stm32f30x_i2c.o
 .text.I2C_MasterRequestConfig
                0x00000000       0x38 ..\obj\stm32f30x_i2c.o
 .text.I2C_GenerateSTART
                0x00000000       0x38 ..\obj\stm32f30x_i2c.o
 .text.I2C_GenerateSTOP
                0x00000000       0x38 ..\obj\stm32f30x_i2c.o
 .text.I2C_10BitAddressHeaderCmd
                0x00000000       0x38 ..\obj\stm32f30x_i2c.o
 .text.I2C_AcknowledgeConfig
                0x00000000       0x38 ..\obj\stm32f30x_i2c.o
 .text.I2C_GetAddressMatched
                0x00000000       0x22 ..\obj\stm32f30x_i2c.o
 .text.I2C_GetTransferDirection
                0x00000000       0x3a ..\obj\stm32f30x_i2c.o
 .text.I2C_TransferHandling
                0x00000000       0x58 ..\obj\stm32f30x_i2c.o
 .text.I2C_SMBusAlertCmd
                0x00000000       0x38 ..\obj\stm32f30x_i2c.o
 .text.I2C_ClockTimeoutCmd
                0x00000000       0x38 ..\obj\stm32f30x_i2c.o
 .text.I2C_ExtendedClockTimeoutCmd
                0x00000000       0x38 ..\obj\stm32f30x_i2c.o
 .text.I2C_IdleClockTimeoutCmd
                0x00000000       0x38 ..\obj\stm32f30x_i2c.o
 .text.I2C_TimeoutAConfig
                0x00000000       0x40 ..\obj\stm32f30x_i2c.o
 .text.I2C_TimeoutBConfig
                0x00000000       0x48 ..\obj\stm32f30x_i2c.o
 .text.I2C_CalculatePEC
                0x00000000       0x38 ..\obj\stm32f30x_i2c.o
 .text.I2C_PECRequestCmd
                0x00000000       0x38 ..\obj\stm32f30x_i2c.o
 .text.I2C_GetPEC
                0x00000000       0x1a ..\obj\stm32f30x_i2c.o
 .text.I2C_ReadRegister
                0x00000000       0x2c ..\obj\stm32f30x_i2c.o
 .text.I2C_SendData
                0x00000000       0x1e ..\obj\stm32f30x_i2c.o
 .text.I2C_ReceiveData
                0x00000000       0x1a ..\obj\stm32f30x_i2c.o
 .text.I2C_DMACmd
                0x00000000       0x3c ..\obj\stm32f30x_i2c.o
 .text.I2C_GetFlagStatus
                0x00000000       0x3e ..\obj\stm32f30x_i2c.o
 .text.I2C_ClearFlag
                0x00000000       0x1c ..\obj\stm32f30x_i2c.o
 .text.I2C_GetITStatus
                0x00000000       0x7e ..\obj\stm32f30x_i2c.o
 .text.I2C_ClearITPendingBit
                0x00000000       0x1c ..\obj\stm32f30x_i2c.o
 .debug_info    0x00000000      0xbec ..\obj\stm32f30x_i2c.o
 .debug_abbrev  0x00000000      0x193 ..\obj\stm32f30x_i2c.o
 .debug_aranges
                0x00000000      0x168 ..\obj\stm32f30x_i2c.o
 .debug_ranges  0x00000000      0x158 ..\obj\stm32f30x_i2c.o
 .debug_line    0x00000000      0x537 ..\obj\stm32f30x_i2c.o
 .debug_str     0x00000000      0x6a0 ..\obj\stm32f30x_i2c.o
 .comment       0x00000000       0x80 ..\obj\stm32f30x_i2c.o
 .debug_frame   0x00000000      0x69c ..\obj\stm32f30x_i2c.o
 .ARM.attributes
                0x00000000       0x39 ..\obj\stm32f30x_i2c.o
 .text          0x00000000        0x0 ..\obj\system_stm32f30x_temp.o
 .bss           0x00000000        0x0 ..\obj\system_stm32f30x_temp.o
 .text.SystemCoreClockUpdate1
                0x00000000       0xd8 ..\obj\system_stm32f30x_temp.o
 .text          0x00000000        0x0 ..\obj\list.o
 .data          0x00000000        0x0 ..\obj\list.o
 .bss           0x00000000        0x0 ..\obj\list.o
 .text          0x00000000        0x0 ..\obj\stm32f30x_misc.o
 .data          0x00000000        0x0 ..\obj\stm32f30x_misc.o
 .bss           0x00000000        0x0 ..\obj\stm32f30x_misc.o
 .text.NVIC_PriorityGroupConfig
                0x00000000       0x28 ..\obj\stm32f30x_misc.o
 .text.NVIC_Init
                0x00000000       0xc8 ..\obj\stm32f30x_misc.o
 .text.NVIC_SetVectorTable
                0x00000000       0x2c ..\obj\stm32f30x_misc.o
 .text.NVIC_SystemLPConfig
                0x00000000       0x44 ..\obj\stm32f30x_misc.o
 .text.SysTick_CLKSourceConfig
                0x00000000       0x38 ..\obj\stm32f30x_misc.o
 .debug_info    0x00000000      0x547 ..\obj\stm32f30x_misc.o
 .debug_abbrev  0x00000000      0x174 ..\obj\stm32f30x_misc.o
 .debug_aranges
                0x00000000       0x40 ..\obj\stm32f30x_misc.o
 .debug_ranges  0x00000000       0x30 ..\obj\stm32f30x_misc.o
 .debug_line    0x00000000      0x210 ..\obj\stm32f30x_misc.o
 .debug_str     0x00000000      0x421 ..\obj\stm32f30x_misc.o
 .comment       0x00000000       0x80 ..\obj\stm32f30x_misc.o
 .debug_frame   0x00000000       0xd8 ..\obj\stm32f30x_misc.o
 .ARM.attributes
                0x00000000       0x39 ..\obj\stm32f30x_misc.o
 .text          0x00000000        0x0 ..\obj\stm32f30x_tim.o
 .data          0x00000000        0x0 ..\obj\stm32f30x_tim.o
 .bss           0x00000000        0x0 ..\obj\stm32f30x_tim.o
 .text.TIM_DeInit
                0x00000000      0x14c ..\obj\stm32f30x_tim.o
 .text.TIM_TimeBaseInit
                0x00000000       0xf0 ..\obj\stm32f30x_tim.o
 .text.TIM_TimeBaseStructInit
                0x00000000       0x34 ..\obj\stm32f30x_tim.o
 .text.TIM_PrescalerConfig
                0x00000000       0x28 ..\obj\stm32f30x_tim.o
 .text.TIM_CounterModeConfig
                0x00000000       0x38 ..\obj\stm32f30x_tim.o
 .text.TIM_SetCounter
                0x00000000       0x1c ..\obj\stm32f30x_tim.o
 .text.TIM_SetAutoreload
                0x00000000       0x1c ..\obj\stm32f30x_tim.o
 .text.TIM_GetCounter
                0x00000000       0x18 ..\obj\stm32f30x_tim.o
 .text.TIM_GetPrescaler
                0x00000000       0x1a ..\obj\stm32f30x_tim.o
 .text.TIM_UpdateDisableConfig
                0x00000000       0x40 ..\obj\stm32f30x_tim.o
 .text.TIM_UpdateRequestConfig
                0x00000000       0x40 ..\obj\stm32f30x_tim.o
 .text.TIM_UIFRemap
                0x00000000       0x40 ..\obj\stm32f30x_tim.o
 .text.TIM_ARRPreloadConfig
                0x00000000       0x40 ..\obj\stm32f30x_tim.o
 .text.TIM_SelectOnePulseMode
                0x00000000       0x38 ..\obj\stm32f30x_tim.o
 .text.TIM_SetClockDivision
                0x00000000       0x38 ..\obj\stm32f30x_tim.o
 .text.TIM_Cmd  0x00000000       0x40 ..\obj\stm32f30x_tim.o
 .text.TIM_OC1Init
                0x00000000      0x124 ..\obj\stm32f30x_tim.o
 .text.TIM_OC2Init
                0x00000000      0x104 ..\obj\stm32f30x_tim.o
 .text.TIM_OC3Init
                0x00000000       0xfc ..\obj\stm32f30x_tim.o
 .text.TIM_OC4Init
                0x00000000       0xc4 ..\obj\stm32f30x_tim.o
 .text.TIM_OC5Init
                0x00000000       0xb8 ..\obj\stm32f30x_tim.o
 .text.TIM_OC6Init
                0x00000000       0xb0 ..\obj\stm32f30x_tim.o
 .text.TIM_SelectGC5C1
                0x00000000       0x38 ..\obj\stm32f30x_tim.o
 .text.TIM_SelectGC5C2
                0x00000000       0x38 ..\obj\stm32f30x_tim.o
 .text.TIM_SelectGC5C3
                0x00000000       0x38 ..\obj\stm32f30x_tim.o
 .text.TIM_OCStructInit
                0x00000000       0x44 ..\obj\stm32f30x_tim.o
 .text.TIM_SelectOCxM
                0x00000000       0xae ..\obj\stm32f30x_tim.o
 .text.TIM_SetCompare1
                0x00000000       0x1c ..\obj\stm32f30x_tim.o
 .text.TIM_SetCompare2
                0x00000000       0x1c ..\obj\stm32f30x_tim.o
 .text.TIM_SetCompare3
                0x00000000       0x1c ..\obj\stm32f30x_tim.o
 .text.TIM_SetCompare4
                0x00000000       0x1c ..\obj\stm32f30x_tim.o
 .text.TIM_SetCompare5
                0x00000000       0x1c ..\obj\stm32f30x_tim.o
 .text.TIM_SetCompare6
                0x00000000       0x1c ..\obj\stm32f30x_tim.o
 .text.TIM_ForcedOC1Config
                0x00000000       0x3c ..\obj\stm32f30x_tim.o
 .text.TIM_ForcedOC2Config
                0x00000000       0x3e ..\obj\stm32f30x_tim.o
 .text.TIM_ForcedOC3Config
                0x00000000       0x38 ..\obj\stm32f30x_tim.o
 .text.TIM_ForcedOC4Config
                0x00000000       0x3a ..\obj\stm32f30x_tim.o
 .text.TIM_ForcedOC5Config
                0x00000000       0x38 ..\obj\stm32f30x_tim.o
 .text.TIM_ForcedOC6Config
                0x00000000       0x3a ..\obj\stm32f30x_tim.o
 .text.TIM_OC1PreloadConfig
                0x00000000       0x38 ..\obj\stm32f30x_tim.o
 .text.TIM_OC2PreloadConfig
                0x00000000       0x3a ..\obj\stm32f30x_tim.o
 .text.TIM_OC3PreloadConfig
                0x00000000       0x38 ..\obj\stm32f30x_tim.o
 .text.TIM_OC4PreloadConfig
                0x00000000       0x3a ..\obj\stm32f30x_tim.o
 .text.TIM_OC5PreloadConfig
                0x00000000       0x38 ..\obj\stm32f30x_tim.o
 .text.TIM_OC6PreloadConfig
                0x00000000       0x3a ..\obj\stm32f30x_tim.o
 .text.TIM_OC1FastConfig
                0x00000000       0x38 ..\obj\stm32f30x_tim.o
 .text.TIM_OC2FastConfig
                0x00000000       0x3a ..\obj\stm32f30x_tim.o
 .text.TIM_OC3FastConfig
                0x00000000       0x38 ..\obj\stm32f30x_tim.o
 .text.TIM_OC4FastConfig
                0x00000000       0x3a ..\obj\stm32f30x_tim.o
 .text.TIM_ClearOC1Ref
                0x00000000       0x38 ..\obj\stm32f30x_tim.o
 .text.TIM_ClearOC2Ref
                0x00000000       0x3a ..\obj\stm32f30x_tim.o
 .text.TIM_ClearOC3Ref
                0x00000000       0x38 ..\obj\stm32f30x_tim.o
 .text.TIM_ClearOC4Ref
                0x00000000       0x3a ..\obj\stm32f30x_tim.o
 .text.TIM_ClearOC5Ref
                0x00000000       0x38 ..\obj\stm32f30x_tim.o
 .text.TIM_ClearOC6Ref
                0x00000000       0x3a ..\obj\stm32f30x_tim.o
 .text.TIM_SelectOCREFClear
                0x00000000       0x32 ..\obj\stm32f30x_tim.o
 .text.TIM_OC1PolarityConfig
                0x00000000       0x38 ..\obj\stm32f30x_tim.o
 .text.TIM_OC1NPolarityConfig
                0x00000000       0x38 ..\obj\stm32f30x_tim.o
 .text.TIM_OC2PolarityConfig
                0x00000000       0x3a ..\obj\stm32f30x_tim.o
 .text.TIM_OC2NPolarityConfig
                0x00000000       0x3a ..\obj\stm32f30x_tim.o
 .text.TIM_OC3PolarityConfig
                0x00000000       0x3a ..\obj\stm32f30x_tim.o
 .text.TIM_OC3NPolarityConfig
                0x00000000       0x3a ..\obj\stm32f30x_tim.o
 .text.TIM_OC4PolarityConfig
                0x00000000       0x3a ..\obj\stm32f30x_tim.o
 .text.TIM_OC5PolarityConfig
                0x00000000       0x3a ..\obj\stm32f30x_tim.o
 .text.TIM_OC6PolarityConfig
                0x00000000       0x3a ..\obj\stm32f30x_tim.o
 .text.TIM_CCxCmd
                0x00000000       0x4a ..\obj\stm32f30x_tim.o
 .text.TIM_CCxNCmd
                0x00000000       0x4a ..\obj\stm32f30x_tim.o
 .text.TIM_ICInit
                0x00000000       0xa8 ..\obj\stm32f30x_tim.o
 .text.TIM_ICStructInit
                0x00000000       0x32 ..\obj\stm32f30x_tim.o
 .text.TIM_PWMIConfig
                0x00000000       0xb8 ..\obj\stm32f30x_tim.o
 .text.TIM_GetCapture1
                0x00000000       0x18 ..\obj\stm32f30x_tim.o
 .text.TIM_GetCapture2
                0x00000000       0x18 ..\obj\stm32f30x_tim.o
 .text.TIM_GetCapture3
                0x00000000       0x18 ..\obj\stm32f30x_tim.o
 .text.TIM_GetCapture4
                0x00000000       0x18 ..\obj\stm32f30x_tim.o
 .text.TIM_SetIC1Prescaler
                0x00000000       0x30 ..\obj\stm32f30x_tim.o
 .text.TIM_SetIC2Prescaler
                0x00000000       0x32 ..\obj\stm32f30x_tim.o
 .text.TIM_SetIC3Prescaler
                0x00000000       0x32 ..\obj\stm32f30x_tim.o
 .text.TIM_SetIC4Prescaler
                0x00000000       0x36 ..\obj\stm32f30x_tim.o
 .text.TIM_BDTRConfig
                0x00000000       0x50 ..\obj\stm32f30x_tim.o
 .text.TIM_Break1Config
                0x00000000       0x38 ..\obj\stm32f30x_tim.o
 .text.TIM_Break2Config
                0x00000000       0x38 ..\obj\stm32f30x_tim.o
 .text.TIM_Break1Cmd
                0x00000000       0x38 ..\obj\stm32f30x_tim.o
 .text.TIM_Break2Cmd
                0x00000000       0x38 ..\obj\stm32f30x_tim.o
 .text.TIM_BDTRStructInit
                0x00000000       0x3e ..\obj\stm32f30x_tim.o
 .text.TIM_CtrlPWMOutputs
                0x00000000       0x38 ..\obj\stm32f30x_tim.o
 .text.TIM_SelectCOM
                0x00000000       0x3a ..\obj\stm32f30x_tim.o
 .text.TIM_CCPreloadControl
                0x00000000       0x3a ..\obj\stm32f30x_tim.o
 .text.TIM_ITConfig
                0x00000000       0x40 ..\obj\stm32f30x_tim.o
 .text.TIM_GenerateEvent
                0x00000000       0x1e ..\obj\stm32f30x_tim.o
 .text.TIM_GetFlagStatus
                0x00000000       0x32 ..\obj\stm32f30x_tim.o
 .text.TIM_ClearFlag
                0x00000000       0x24 ..\obj\stm32f30x_tim.o
 .text.TIM_GetITStatus
                0x00000000       0x54 ..\obj\stm32f30x_tim.o
 .text.TIM_ClearITPendingBit
                0x00000000       0x24 ..\obj\stm32f30x_tim.o
 .text.TIM_DMAConfig
                0x00000000       0x2a ..\obj\stm32f30x_tim.o
 .text.TIM_DMACmd
                0x00000000       0x40 ..\obj\stm32f30x_tim.o
 .text.TIM_SelectCCDMA
                0x00000000       0x3a ..\obj\stm32f30x_tim.o
 .text.TIM_InternalClockConfig
                0x00000000       0x22 ..\obj\stm32f30x_tim.o
 .text.TIM_ITRxExternalClockConfig
                0x00000000       0x2a ..\obj\stm32f30x_tim.o
 .text.TIM_TIxExternalClockConfig
                0x00000000       0x58 ..\obj\stm32f30x_tim.o
 .text.TIM_ETRClockMode1Config
                0x00000000       0x5e ..\obj\stm32f30x_tim.o
 .text.TIM_ETRClockMode2Config
                0x00000000       0x3a ..\obj\stm32f30x_tim.o
 .text.TIM_SelectInputTrigger
                0x00000000       0x38 ..\obj\stm32f30x_tim.o
 .text.TIM_SelectOutputTrigger
                0x00000000       0x32 ..\obj\stm32f30x_tim.o
 .text.TIM_SelectOutputTrigger2
                0x00000000       0x2e ..\obj\stm32f30x_tim.o
 .text.TIM_SelectSlaveMode
                0x00000000       0x32 ..\obj\stm32f30x_tim.o
 .text.TIM_SelectMasterSlaveMode
                0x00000000       0x32 ..\obj\stm32f30x_tim.o
 .text.TIM_ETRConfig
                0x00000000       0x54 ..\obj\stm32f30x_tim.o
 .text.TIM_EncoderInterfaceConfig
                0x00000000       0x98 ..\obj\stm32f30x_tim.o
 .text.TIM_SelectHallSensor
                0x00000000       0x3a ..\obj\stm32f30x_tim.o
 .text.TIM_RemapConfig
                0x00000000       0x20 ..\obj\stm32f30x_tim.o
 .text.TI1_Config
                0x00000000       0x80 ..\obj\stm32f30x_tim.o
 .text.TI2_Config
                0x00000000       0x98 ..\obj\stm32f30x_tim.o
 .text.TI3_Config
                0x00000000       0x8e ..\obj\stm32f30x_tim.o
 .text.TI4_Config
                0x00000000       0x9c ..\obj\stm32f30x_tim.o
 .debug_info    0x00000000     0x2192 ..\obj\stm32f30x_tim.o
 .debug_abbrev  0x00000000      0x19c ..\obj\stm32f30x_tim.o
 .debug_aranges
                0x00000000      0x3a8 ..\obj\stm32f30x_tim.o
 .debug_ranges  0x00000000      0x398 ..\obj\stm32f30x_tim.o
 .debug_line    0x00000000      0xc62 ..\obj\stm32f30x_tim.o
 .debug_str     0x00000000      0xfca ..\obj\stm32f30x_tim.o
 .comment       0x00000000       0x80 ..\obj\stm32f30x_tim.o
 .debug_frame   0x00000000     0x11c4 ..\obj\stm32f30x_tim.o
 .ARM.attributes
                0x00000000       0x39 ..\obj\stm32f30x_tim.o
 .text          0x00000000        0x0 ..\obj\port.o
 .rodata        0x00000000        0x4 ..\obj\port.o
 .text.vPortEndScheduler
                0x00000000       0x34 ..\obj\port.o
 .text          0x00000000        0x0 ..\obj\queue.o
 .data          0x00000000        0x0 ..\obj\queue.o
 .bss           0x00000000        0x0 ..\obj\queue.o
 .text.prvInitialiseMutex
                0x00000000       0x34 ..\obj\queue.o
 .text.xQueueCreateMutex
                0x00000000       0x30 ..\obj\queue.o
 .text.xQueueGiveMutexRecursive
                0x00000000       0x66 ..\obj\queue.o
 .text.xQueueTakeMutexRecursive
                0x00000000       0x6a ..\obj\queue.o
 .text.xQueueCreateCountingSemaphore
                0x00000000       0x62 ..\obj\queue.o
 .text.xQueueGiveFromISR
                0x00000000      0x12e ..\obj\queue.o
 .text.xQueueSemaphoreTake
                0x00000000      0x210 ..\obj\queue.o
 .text.xQueuePeek
                0x00000000      0x1bc ..\obj\queue.o
 .text.xQueueReceiveFromISR
                0x00000000      0x116 ..\obj\queue.o
 .text.xQueuePeekFromISR
                0x00000000       0xca ..\obj\queue.o
 .text.uxQueueMessagesWaiting
                0x00000000       0x3a ..\obj\queue.o
 .text.uxQueueSpacesAvailable
                0x00000000       0x44 ..\obj\queue.o
 .text.uxQueueMessagesWaitingFromISR
                0x00000000       0x3a ..\obj\queue.o
 .text.vQueueDelete
                0x00000000       0x3a ..\obj\queue.o
 .text.uxQueueGetQueueNumber
                0x00000000       0x18 ..\obj\queue.o
 .text.vQueueSetQueueNumber
                0x00000000       0x1c ..\obj\queue.o
 .text.ucQueueGetQueueType
                0x00000000       0x1a ..\obj\queue.o
 .text.prvGetDisinheritPriorityAfterTimeout
                0x00000000       0x30 ..\obj\queue.o
 .text.xQueueIsQueueEmptyFromISR
                0x00000000       0x46 ..\obj\queue.o
 .text.xQueueIsQueueFullFromISR
                0x00000000       0x4a ..\obj\queue.o
 .text.pcQueueGetName
                0x00000000       0x4c ..\obj\queue.o
 .text.vQueueUnregisterQueue
                0x00000000       0x54 ..\obj\queue.o
 .text          0x00000000       0x14 ..\obj\startup_stm32f30x.o
 .data          0x00000000        0x0 ..\obj\startup_stm32f30x.o
 .bss           0x00000000        0x0 ..\obj\startup_stm32f30x.o
 .text          0x00000000        0x0 ..\obj\stream_buffer.o
 .data          0x00000000        0x0 ..\obj\stream_buffer.o
 .bss           0x00000000        0x0 ..\obj\stream_buffer.o
 .text.xStreamBufferGenericCreate
                0x00000000       0xb0 ..\obj\stream_buffer.o
 .text.vStreamBufferDelete
                0x00000000       0x4c ..\obj\stream_buffer.o
 .text.xStreamBufferReset
                0x00000000       0x76 ..\obj\stream_buffer.o
 .text.xStreamBufferSetTriggerLevel
                0x00000000       0x5a ..\obj\stream_buffer.o
 .text.xStreamBufferSpacesAvailable
                0x00000000       0x64 ..\obj\stream_buffer.o
 .text.xStreamBufferBytesAvailable
                0x00000000       0x38 ..\obj\stream_buffer.o
 .text.xStreamBufferSend
                0x00000000      0x1a2 ..\obj\stream_buffer.o
 .text.xStreamBufferSendFromISR
                0x00000000       0xe0 ..\obj\stream_buffer.o
 .text.prvWriteMessageToBuffer
                0x00000000       0x7a ..\obj\stream_buffer.o
 .text.xStreamBufferReceive
                0x00000000      0x12e ..\obj\stream_buffer.o
 .text.xStreamBufferNextMessageLengthBytes
                0x00000000       0x8e ..\obj\stream_buffer.o
 .text.xStreamBufferReceiveFromISR
                0x00000000       0xdc ..\obj\stream_buffer.o
 .text.prvReadMessageFromBuffer
                0x00000000       0x64 ..\obj\stream_buffer.o
 .text.xStreamBufferIsEmpty
                0x00000000       0x4e ..\obj\stream_buffer.o
 .text.xStreamBufferIsFull
                0x00000000       0x5e ..\obj\stream_buffer.o
 .text.xStreamBufferSendCompletedFromISR
                0x00000000       0x86 ..\obj\stream_buffer.o
 .text.xStreamBufferReceiveCompletedFromISR
                0x00000000       0x86 ..\obj\stream_buffer.o
 .text.prvWriteBytesToBuffer
                0x00000000       0xde ..\obj\stream_buffer.o
 .text.prvReadBytesFromBuffer
                0x00000000       0xee ..\obj\stream_buffer.o
 .text.prvBytesInBuffer
                0x00000000       0x40 ..\obj\stream_buffer.o
 .text.prvInitialiseNewStreamBuffer
                0x00000000       0x64 ..\obj\stream_buffer.o
 .text.uxStreamBufferGetStreamBufferNumber
                0x00000000       0x18 ..\obj\stream_buffer.o
 .text.vStreamBufferSetStreamBufferNumber
                0x00000000       0x1c ..\obj\stream_buffer.o
 .text.ucStreamBufferGetStreamBufferType
                0x00000000       0x1e ..\obj\stream_buffer.o
 .debug_info    0x00000000     0x1a3d ..\obj\stream_buffer.o
 .debug_abbrev  0x00000000      0x378 ..\obj\stream_buffer.o
 .debug_aranges
                0x00000000       0xd8 ..\obj\stream_buffer.o
 .debug_ranges  0x00000000       0xc8 ..\obj\stream_buffer.o
 .debug_line    0x00000000      0x7f1 ..\obj\stream_buffer.o
 .debug_str     0x00000000      0xbfe ..\obj\stream_buffer.o
 .comment       0x00000000       0x80 ..\obj\stream_buffer.o
 .debug_frame   0x00000000      0x3a0 ..\obj\stream_buffer.o
 .ARM.attributes
                0x00000000       0x39 ..\obj\stream_buffer.o
 .text          0x00000000        0x0 ..\obj\croutine.o
 .data          0x00000000        0x0 ..\obj\croutine.o
 .bss           0x00000000        0x0 ..\obj\croutine.o
 .debug_info    0x00000000       0xba ..\obj\croutine.o
 .debug_abbrev  0x00000000       0x5c ..\obj\croutine.o
 .debug_aranges
                0x00000000       0x18 ..\obj\croutine.o
 .debug_line    0x00000000      0x10b ..\obj\croutine.o
 .debug_str     0x00000000      0x1d9 ..\obj\croutine.o
 .comment       0x00000000       0x80 ..\obj\croutine.o
 .ARM.attributes
                0x00000000       0x39 ..\obj\croutine.o
 .text          0x00000000        0x0 ..\obj\stm32f30x_syscfg.o
 .data          0x00000000        0x0 ..\obj\stm32f30x_syscfg.o
 .bss           0x00000000        0x0 ..\obj\stm32f30x_syscfg.o
 .text.SYSCFG_DeInit
                0x00000000       0x50 ..\obj\stm32f30x_syscfg.o
 .text.SYSCFG_MemoryRemapConfig
                0x00000000       0x38 ..\obj\stm32f30x_syscfg.o
 .text.SYSCFG_DMAChannelRemapConfig
                0x00000000       0x40 ..\obj\stm32f30x_syscfg.o
 .text.SYSCFG_TriggerRemapConfig
                0x00000000       0x40 ..\obj\stm32f30x_syscfg.o
 .text.SYSCFG_EncoderRemapConfig
                0x00000000       0x30 ..\obj\stm32f30x_syscfg.o
 .text.SYSCFG_USBInterruptLineRemapCmd
                0x00000000       0x20 ..\obj\stm32f30x_syscfg.o
 .text.SYSCFG_I2CFastModePlusConfig
                0x00000000       0x40 ..\obj\stm32f30x_syscfg.o
 .text.SYSCFG_ITConfig
                0x00000000       0x40 ..\obj\stm32f30x_syscfg.o
 .text.SYSCFG_EXTILineConfig
                0x00000000       0x84 ..\obj\stm32f30x_syscfg.o
 .text.SYSCFG_BreakConfig
                0x00000000       0x24 ..\obj\stm32f30x_syscfg.o
 .text.SYSCFG_BypassParityCheckDisable
                0x00000000       0x18 ..\obj\stm32f30x_syscfg.o
 .text.SYSCFG_SRAMWRPEnable
                0x00000000       0x24 ..\obj\stm32f30x_syscfg.o
 .text.SYSCFG_GetFlagStatus
                0x00000000       0x34 ..\obj\stm32f30x_syscfg.o
 .text.SYSCFG_ClearFlag
                0x00000000       0x24 ..\obj\stm32f30x_syscfg.o
 .debug_info    0x00000000      0x3d8 ..\obj\stm32f30x_syscfg.o
 .debug_abbrev  0x00000000      0x198 ..\obj\stm32f30x_syscfg.o
 .debug_aranges
                0x00000000       0x88 ..\obj\stm32f30x_syscfg.o
 .debug_ranges  0x00000000       0x78 ..\obj\stm32f30x_syscfg.o
 .debug_line    0x00000000      0x27a ..\obj\stm32f30x_syscfg.o
 .debug_str     0x00000000      0x453 ..\obj\stm32f30x_syscfg.o
 .comment       0x00000000       0x80 ..\obj\stm32f30x_syscfg.o
 .debug_frame   0x00000000      0x230 ..\obj\stm32f30x_syscfg.o
 .ARM.attributes
                0x00000000       0x39 ..\obj\stm32f30x_syscfg.o
 .text          0x00000000        0x0 ..\obj\event_groups.o
 .data          0x00000000        0x0 ..\obj\event_groups.o
 .bss           0x00000000        0x0 ..\obj\event_groups.o
 .text.xEventGroupCreate
                0x00000000       0x2e ..\obj\event_groups.o
 .text.xEventGroupSync
                0x00000000      0x158 ..\obj\event_groups.o
 .text.xEventGroupWaitBits
                0x00000000      0x194 ..\obj\event_groups.o
 .text.xEventGroupClearBits
                0x00000000       0x6c ..\obj\event_groups.o
 .text.xEventGroupGetBitsFromISR
                0x00000000       0x46 ..\obj\event_groups.o
 .text.xEventGroupSetBits
                0x00000000      0x112 ..\obj\event_groups.o
 .text.vEventGroupDelete
                0x00000000       0x60 ..\obj\event_groups.o
 .text.vEventGroupSetBitsCallback
                0x00000000       0x1a ..\obj\event_groups.o
 .text.vEventGroupClearBitsCallback
                0x00000000       0x1a ..\obj\event_groups.o
 .text.prvTestWaitCondition
                0x00000000       0x44 ..\obj\event_groups.o
 .text.uxEventGroupGetNumber
                0x00000000       0x2c ..\obj\event_groups.o
 .text.vEventGroupSetNumber
                0x00000000       0x1c ..\obj\event_groups.o
 .debug_info    0x00000000     0x1166 ..\obj\event_groups.o
 .debug_abbrev  0x00000000      0x327 ..\obj\event_groups.o
 .debug_aranges
                0x00000000       0x78 ..\obj\event_groups.o
 .debug_ranges  0x00000000       0x68 ..\obj\event_groups.o
 .debug_line    0x00000000      0x506 ..\obj\event_groups.o
 .debug_str     0x00000000      0x9be ..\obj\event_groups.o
 .comment       0x00000000       0x80 ..\obj\event_groups.o
 .debug_frame   0x00000000      0x1d0 ..\obj\event_groups.o
 .ARM.attributes
                0x00000000       0x39 ..\obj\event_groups.o
 .text          0x00000000        0x0 ..\obj\stm32f30x_pwr.o
 .data          0x00000000        0x0 ..\obj\stm32f30x_pwr.o
 .bss           0x00000000        0x0 ..\obj\stm32f30x_pwr.o
 .text.PWR_DeInit
                0x00000000       0x1c ..\obj\stm32f30x_pwr.o
 .text.PWR_BackupAccessCmd
                0x00000000       0x20 ..\obj\stm32f30x_pwr.o
 .text.PWR_PVDLevelConfig
                0x00000000       0x38 ..\obj\stm32f30x_pwr.o
 .text.PWR_PVDCmd
                0x00000000       0x20 ..\obj\stm32f30x_pwr.o
 .text.PWR_WakeUpPinCmd
                0x00000000       0x40 ..\obj\stm32f30x_pwr.o
 .text.PWR_EnterSleepMode
                0x00000000       0x34 ..\obj\stm32f30x_pwr.o
 .text.PWR_EnterSTOPMode
                0x00000000       0x64 ..\obj\stm32f30x_pwr.o
 .text.PWR_EnterSTANDBYMode
                0x00000000       0x3c ..\obj\stm32f30x_pwr.o
 .text.PWR_GetFlagStatus
                0x00000000       0x34 ..\obj\stm32f30x_pwr.o
 .text.PWR_ClearFlag
                0x00000000       0x28 ..\obj\stm32f30x_pwr.o
 .debug_info    0x00000000      0x505 ..\obj\stm32f30x_pwr.o
 .debug_abbrev  0x00000000      0x196 ..\obj\stm32f30x_pwr.o
 .debug_aranges
                0x00000000       0x68 ..\obj\stm32f30x_pwr.o
 .debug_ranges  0x00000000       0x58 ..\obj\stm32f30x_pwr.o
 .debug_line    0x00000000      0x263 ..\obj\stm32f30x_pwr.o
 .debug_str     0x00000000      0x3ab ..\obj\stm32f30x_pwr.o
 .comment       0x00000000       0x80 ..\obj\stm32f30x_pwr.o
 .debug_frame   0x00000000      0x18c ..\obj\stm32f30x_pwr.o
 .ARM.attributes
                0x00000000       0x39 ..\obj\stm32f30x_pwr.o
 .text          0x00000000        0x0 ..\obj\heap_2.o
 .rodata        0x00000000        0x2 ..\obj\heap_2.o
 .text.xPortGetFreeHeapSize
                0x00000000       0x18 ..\obj\heap_2.o
 .text.vPortInitialiseBlocks
                0x00000000        0xe ..\obj\heap_2.o
 .text          0x00000000        0x0 ..\obj\stm32f30x_usart.o
 .data          0x00000000        0x0 ..\obj\stm32f30x_usart.o
 .bss           0x00000000        0x0 ..\obj\stm32f30x_usart.o
 .text.USART_DeInit
                0x00000000       0xb8 ..\obj\stm32f30x_usart.o
 .text.USART_Init
                0x00000000      0x178 ..\obj\stm32f30x_usart.o
 .text.USART_StructInit
                0x00000000       0x3a ..\obj\stm32f30x_usart.o
 .text.USART_ClockInit
                0x00000000       0x4a ..\obj\stm32f30x_usart.o
 .text.USART_ClockStructInit
                0x00000000       0x2c ..\obj\stm32f30x_usart.o
 .text.USART_Cmd
                0x00000000       0x38 ..\obj\stm32f30x_usart.o
 .text.USART_DirectionModeCmd
                0x00000000       0x3c ..\obj\stm32f30x_usart.o
 .text.USART_OverSampling8Cmd
                0x00000000       0x38 ..\obj\stm32f30x_usart.o
 .text.USART_OneBitMethodCmd
                0x00000000       0x38 ..\obj\stm32f30x_usart.o
 .text.USART_MSBFirstCmd
                0x00000000       0x38 ..\obj\stm32f30x_usart.o
 .text.USART_DataInvCmd
                0x00000000       0x38 ..\obj\stm32f30x_usart.o
 .text.USART_InvPinCmd
                0x00000000       0x3c ..\obj\stm32f30x_usart.o
 .text.USART_SWAPPinCmd
                0x00000000       0x38 ..\obj\stm32f30x_usart.o
 .text.USART_ReceiverTimeOutCmd
                0x00000000       0x38 ..\obj\stm32f30x_usart.o
 .text.USART_SetReceiverTimeOut
                0x00000000       0x2e ..\obj\stm32f30x_usart.o
 .text.USART_SetPrescaler
                0x00000000       0x3a ..\obj\stm32f30x_usart.o
 .text.USART_STOPModeCmd
                0x00000000       0x38 ..\obj\stm32f30x_usart.o
 .text.USART_StopModeWakeUpSourceConfig
                0x00000000       0x2e ..\obj\stm32f30x_usart.o
 .text.USART_AutoBaudRateCmd
                0x00000000       0x38 ..\obj\stm32f30x_usart.o
 .text.USART_AutoBaudRateConfig
                0x00000000       0x2e ..\obj\stm32f30x_usart.o
 .text.USART_SendData
                0x00000000       0x24 ..\obj\stm32f30x_usart.o
 .text.USART_ReceiveData
                0x00000000       0x20 ..\obj\stm32f30x_usart.o
 .text.USART_SetAddress
                0x00000000       0x32 ..\obj\stm32f30x_usart.o
 .text.USART_MuteModeCmd
                0x00000000       0x38 ..\obj\stm32f30x_usart.o
 .text.USART_MuteModeWakeUpConfig
                0x00000000       0x2e ..\obj\stm32f30x_usart.o
 .text.USART_AddressDetectionConfig
                0x00000000       0x2e ..\obj\stm32f30x_usart.o
 .text.USART_LINBreakDetectLengthConfig
                0x00000000       0x2e ..\obj\stm32f30x_usart.o
 .text.USART_LINCmd
                0x00000000       0x38 ..\obj\stm32f30x_usart.o
 .text.USART_HalfDuplexCmd
                0x00000000       0x38 ..\obj\stm32f30x_usart.o
 .text.USART_SetGuardTime
                0x00000000       0x3c ..\obj\stm32f30x_usart.o
 .text.USART_SmartCardCmd
                0x00000000       0x38 ..\obj\stm32f30x_usart.o
 .text.USART_SmartCardNACKCmd
                0x00000000       0x38 ..\obj\stm32f30x_usart.o
 .text.USART_SetAutoRetryCount
                0x00000000       0x32 ..\obj\stm32f30x_usart.o
 .text.USART_SetBlockLength
                0x00000000       0x32 ..\obj\stm32f30x_usart.o
 .text.USART_IrDAConfig
                0x00000000       0x2e ..\obj\stm32f30x_usart.o
 .text.USART_IrDACmd
                0x00000000       0x38 ..\obj\stm32f30x_usart.o
 .text.USART_DECmd
                0x00000000       0x38 ..\obj\stm32f30x_usart.o
 .text.USART_DEPolarityConfig
                0x00000000       0x2e ..\obj\stm32f30x_usart.o
 .text.USART_SetDEAssertionTime
                0x00000000       0x30 ..\obj\stm32f30x_usart.o
 .text.USART_SetDEDeassertionTime
                0x00000000       0x30 ..\obj\stm32f30x_usart.o
 .text.USART_DMACmd
                0x00000000       0x3c ..\obj\stm32f30x_usart.o
 .text.USART_DMAReceptionErrorConfig
                0x00000000       0x2e ..\obj\stm32f30x_usart.o
 .text.USART_ITConfig
                0x00000000       0x84 ..\obj\stm32f30x_usart.o
 .text.USART_RequestCmd
                0x00000000       0x4a ..\obj\stm32f30x_usart.o
 .text.USART_OverrunDetectionConfig
                0x00000000       0x2e ..\obj\stm32f30x_usart.o
 .text.USART_GetFlagStatus
                0x00000000       0x32 ..\obj\stm32f30x_usart.o
 .text.USART_ClearFlag
                0x00000000       0x1c ..\obj\stm32f30x_usart.o
 .text.USART_GetITStatus
                0x00000000       0xa0 ..\obj\stm32f30x_usart.o
 .text.USART_ClearITPendingBit
                0x00000000       0x34 ..\obj\stm32f30x_usart.o
 .debug_info    0x00000000      0xeca ..\obj\stm32f30x_usart.o
 .debug_abbrev  0x00000000      0x184 ..\obj\stm32f30x_usart.o
 .debug_aranges
                0x00000000      0x1a0 ..\obj\stm32f30x_usart.o
 .debug_ranges  0x00000000      0x190 ..\obj\stm32f30x_usart.o
 .debug_line    0x00000000      0x5f4 ..\obj\stm32f30x_usart.o
 .debug_str     0x00000000      0xa52 ..\obj\stm32f30x_usart.o
 .comment       0x00000000       0x80 ..\obj\stm32f30x_usart.o
 .debug_frame   0x00000000      0x7b0 ..\obj\stm32f30x_usart.o
 .ARM.attributes
                0x00000000       0x39 ..\obj\stm32f30x_usart.o
 .data          0x00000000        0x0 d:/7 2018-q2-update/bin/../lib/gcc/arm-none-eabi/7.3.1/thumb/v7e-m/fpv4-sp/hard\libgcc.a(_arm_addsubdf3.o)
 .bss           0x00000000        0x0 d:/7 2018-q2-update/bin/../lib/gcc/arm-none-eabi/7.3.1/thumb/v7e-m/fpv4-sp/hard\libgcc.a(_arm_addsubdf3.o)
 .data          0x00000000        0x0 d:/7 2018-q2-update/bin/../lib/gcc/arm-none-eabi/7.3.1/thumb/v7e-m/fpv4-sp/hard\libgcc.a(_arm_muldivdf3.o)
 .bss           0x00000000        0x0 d:/7 2018-q2-update/bin/../lib/gcc/arm-none-eabi/7.3.1/thumb/v7e-m/fpv4-sp/hard\libgcc.a(_arm_muldivdf3.o)
 .data          0x00000000        0x0 d:/7 2018-q2-update/bin/../lib/gcc/arm-none-eabi/7.3.1/thumb/v7e-m/fpv4-sp/hard\libgcc.a(_arm_cmpdf2.o)
 .bss           0x00000000        0x0 d:/7 2018-q2-update/bin/../lib/gcc/arm-none-eabi/7.3.1/thumb/v7e-m/fpv4-sp/hard\libgcc.a(_arm_cmpdf2.o)
 .data          0x00000000        0x0 d:/7 2018-q2-update/bin/../lib/gcc/arm-none-eabi/7.3.1/../../../../arm-none-eabi/lib/thumb/v7e-m/fpv4-sp/hard\libg.a(lib_a-memcpy.o)
 .bss           0x00000000        0x0 d:/7 2018-q2-update/bin/../lib/gcc/arm-none-eabi/7.3.1/../../../../arm-none-eabi/lib/thumb/v7e-m/fpv4-sp/hard\libg.a(lib_a-memcpy.o)
 .text          0x00000000        0x0 d:/7 2018-q2-update/bin/../lib/gcc/arm-none-eabi/7.3.1/../../../../arm-none-eabi/lib/thumb/v7e-m/fpv4-sp/hard\libg.a(lib_a-memset.o)
 .data          0x00000000        0x0 d:/7 2018-q2-update/bin/../lib/gcc/arm-none-eabi/7.3.1/../../../../arm-none-eabi/lib/thumb/v7e-m/fpv4-sp/hard\libg.a(lib_a-memset.o)
 .bss           0x00000000        0x0 d:/7 2018-q2-update/bin/../lib/gcc/arm-none-eabi/7.3.1/../../../../arm-none-eabi/lib/thumb/v7e-m/fpv4-sp/hard\libg.a(lib_a-memset.o)

Memory Configuration

Name             Origin             Length             Attributes
rom              0x08000000         0x00040000         xr
ram              0x20000000         0x0000a000         xrw
ram1             0x10000000         0x00002000         xrw
*default*        0x00000000         0xffffffff

Linker script and memory map

                0x2000a000                _eram = 0x2000a000

.text           0x08000000     0x3d61
 *(.isr_vector)
 .isr_vector    0x08000000      0x188 ..\obj\startup_stm32f30x.o
                0x08000000                g_pfnVectors
 *(.text*)
 .text.RCC_AHBPeriphClockCmd
                0x08000188       0x40 ..\obj\stm32f30x_rcc.o
                0x08000188                RCC_AHBPeriphClockCmd
 .text.RCC_APB2PeriphClockCmd
                0x080001c8       0x40 ..\obj\stm32f30x_rcc.o
                0x080001c8                RCC_APB2PeriphClockCmd
 .text.GPIO_Init
                0x08000208      0x12a ..\obj\stm32f30x_gpio.o
                0x08000208                GPIO_Init
 .text.GPIO_StructInit
                0x08000332       0x34 ..\obj\stm32f30x_gpio.o
                0x08000332                GPIO_StructInit
 .text.GPIO_SetBits
                0x08000366       0x1e ..\obj\stm32f30x_gpio.o
                0x08000366                GPIO_SetBits
 .text.GPIO_ResetBits
                0x08000384       0x1e ..\obj\stm32f30x_gpio.o
                0x08000384                GPIO_ResetBits
 .text.GPIO_Write
                0x080003a2       0x1e ..\obj\stm32f30x_gpio.o
                0x080003a2                GPIO_Write
 .text.GPIO_PinAFConfig
                0x080003c0       0x92 ..\obj\stm32f30x_gpio.o
                0x080003c0                GPIO_PinAFConfig
 *fill*         0x08000452        0x2 
 .text.gpio     0x08000454       0xc0 ..\obj\main.o
                0x08000454                gpio
 .text.spi      0x08000514       0x6c ..\obj\main.o
                0x08000514                spi
 .text.sendByte
                0x08000580       0x48 ..\obj\main.o
                0x08000580                sendByte
 .text.writeData
                0x080005c8       0x3c ..\obj\main.o
                0x080005c8                writeData
 *fill*         0x08000604        0x4 
 .text.GyroScan
                0x08000608      0x130 ..\obj\main.o
                0x08000608                GyroScan
 .text.taskLED  0x08000738      0x1e0 ..\obj\main.o
                0x08000738                taskLED
 .text.main     0x08000918       0x78 ..\obj\main.o
                0x08000918                main
 .text.vApplicationIdleHook
                0x08000990        0xe ..\obj\main.o
                0x08000990                vApplicationIdleHook
 .text.vApplicationMallocFailedHook
                0x0800099e        0x6 ..\obj\main.o
                0x0800099e                vApplicationMallocFailedHook
 .text.vApplicationStackOverflowHook
                0x080009a4        0xc ..\obj\main.o
                0x080009a4                vApplicationStackOverflowHook
 .text.vApplicationTickHook
                0x080009b0        0xe ..\obj\main.o
                0x080009b0                vApplicationTickHook
 *fill*         0x080009be        0x2 
 .text.xTimerCreateTimerTask
                0x080009c0       0x64 ..\obj\timers.o
                0x080009c0                xTimerCreateTimerTask
 .text.xTimerGenericCommand
                0x08000a24       0x98 ..\obj\timers.o
                0x08000a24                xTimerGenericCommand
 .text.prvProcessExpiredTimer
                0x08000abc       0x98 ..\obj\timers.o
 .text.prvTimerTask
                0x08000b54       0x24 ..\obj\timers.o
 .text.prvProcessTimerOrBlockTask
                0x08000b78       0x9c ..\obj\timers.o
 .text.prvGetNextExpireTime
                0x08000c14       0x48 ..\obj\timers.o
 .text.prvSampleTimeNow
                0x08000c5c       0x40 ..\obj\timers.o
 .text.prvInsertTimerInActiveList
                0x08000c9c       0x84 ..\obj\timers.o
 .text.prvProcessReceivedCommands
                0x08000d20      0x188 ..\obj\timers.o
 .text.prvSwitchTimerLists
                0x08000ea8       0xc8 ..\obj\timers.o
 .text.prvCheckForValidListAndQueue
                0x08000f70       0x6c ..\obj\timers.o
 .text.xTaskCreate
                0x08000fdc       0x82 ..\obj\tasks.o
                0x08000fdc                xTaskCreate
 .text.prvInitialiseNewTask
                0x0800105e      0x12a ..\obj\tasks.o
 .text.prvAddNewTaskToReadyList
                0x08001188       0xdc ..\obj\tasks.o
 .text.vTaskDelay
                0x08001264       0x68 ..\obj\tasks.o
                0x08001264                vTaskDelay
 .text.vTaskStartScheduler
                0x080012cc       0x98 ..\obj\tasks.o
                0x080012cc                vTaskStartScheduler
 .text.vTaskSuspendAll
                0x08001364       0x1c ..\obj\tasks.o
                0x08001364                vTaskSuspendAll
 .text.xTaskResumeAll
                0x08001380      0x138 ..\obj\tasks.o
                0x08001380                xTaskResumeAll
 .text.xTaskGetTickCount
                0x080014b8       0x20 ..\obj\tasks.o
                0x080014b8                xTaskGetTickCount
 .text.xTaskIncrementTick
                0x080014d8      0x180 ..\obj\tasks.o
                0x080014d8                xTaskIncrementTick
 .text.vTaskSwitchContext
                0x08001658      0x100 ..\obj\tasks.o
                0x08001658                vTaskSwitchContext
 .text.vTaskPlaceOnEventList
                0x08001758       0x48 ..\obj\tasks.o
                0x08001758                vTaskPlaceOnEventList
 .text.vTaskPlaceOnEventListRestricted
                0x080017a0       0x54 ..\obj\tasks.o
                0x080017a0                vTaskPlaceOnEventListRestricted
 .text.xTaskRemoveFromEventList
                0x080017f4       0xc4 ..\obj\tasks.o
                0x080017f4                xTaskRemoveFromEventList
 .text.vTaskInternalSetTimeOutState
                0x080018b8       0x2c ..\obj\tasks.o
                0x080018b8                vTaskInternalSetTimeOutState
 .text.xTaskCheckForTimeOut
                0x080018e4       0xc8 ..\obj\tasks.o
                0x080018e4                xTaskCheckForTimeOut
 .text.vTaskMissedYield
                0x080019ac       0x18 ..\obj\tasks.o
                0x080019ac                vTaskMissedYield
 .text.prvIdleTask
                0x080019c4       0x34 ..\obj\tasks.o
 .text.prvInitialiseTaskLists
                0x080019f8       0x80 ..\obj\tasks.o
 .text.prvCheckTasksWaitingTermination
                0x08001a78       0x58 ..\obj\tasks.o
 .text.prvDeleteTCB
                0x08001ad0       0x20 ..\obj\tasks.o
 .text.prvResetNextTaskUnblockTime
                0x08001af0       0x38 ..\obj\tasks.o
 .text.xTaskGetSchedulerState
                0x08001b28       0x3c ..\obj\tasks.o
                0x08001b28                xTaskGetSchedulerState
 .text.xTaskPriorityDisinherit
                0x08001b64       0xf0 ..\obj\tasks.o
                0x08001b64                xTaskPriorityDisinherit
 .text.prvAddCurrentTaskToDelayedList
                0x08001c54       0xcc ..\obj\tasks.o
 .text.SPI_StructInit
                0x08001d20       0x4c ..\obj\stm32f30x_spi.o
                0x08001d20                SPI_StructInit
 .text.SPI_Init
                0x08001d6c      0x116 ..\obj\stm32f30x_spi.o
                0x08001d6c                SPI_Init
 .text.SPI_Cmd  0x08001e82       0x40 ..\obj\stm32f30x_spi.o
                0x08001e82                SPI_Cmd
 .text.SPI_RxFIFOThresholdConfig
                0x08001ec2       0x38 ..\obj\stm32f30x_spi.o
                0x08001ec2                SPI_RxFIFOThresholdConfig
 .text.SPI_SendData8
                0x08001efa       0x2c ..\obj\stm32f30x_spi.o
                0x08001efa                SPI_SendData8
 .text.SPI_ReceiveData8
                0x08001f26       0x28 ..\obj\stm32f30x_spi.o
                0x08001f26                SPI_ReceiveData8
 .text.SPI_I2S_GetFlagStatus
                0x08001f4e       0x38 ..\obj\stm32f30x_spi.o
                0x08001f4e                SPI_I2S_GetFlagStatus
 *fill*         0x08001f86        0x2 
 .text.SystemInit1
                0x08001f88       0x94 ..\obj\system_stm32f30x_temp.o
                0x08001f88                SystemInit
                0x08001f88                SystemInit1
 .text.SetSysClock1
                0x0800201c       0xe4 ..\obj\system_stm32f30x_temp.o
                0x0800201c                SetSysClock
 .text.vListInitialise
                0x08002100       0x40 ..\obj\list.o
                0x08002100                vListInitialise
 .text.vListInitialiseItem
                0x08002140       0x1a ..\obj\list.o
                0x08002140                vListInitialiseItem
 .text.vListInsertEnd
                0x0800215a       0x48 ..\obj\list.o
                0x0800215a                vListInsertEnd
 .text.vListInsert
                0x080021a2       0x72 ..\obj\list.o
                0x080021a2                vListInsert
 .text.uxListRemove
                0x08002214       0x54 ..\obj\list.o
                0x08002214                uxListRemove
 .text.pxPortInitialiseStack
                0x08002268       0x68 ..\obj\port.o
                0x08002268                pxPortInitialiseStack
 .text.prvTaskExitError
                0x080022d0       0x54 ..\obj\port.o
 *fill*         0x08002324        0xc 
 .text.SVC_Handler
                0x08002330       0x28 ..\obj\port.o
                0x08002330                SVC_Handler
 .text.prvPortStartFirstTask
                0x08002358       0x2c ..\obj\port.o
 .text.xPortStartScheduler
                0x08002384      0x15c ..\obj\port.o
                0x08002384                xPortStartScheduler
 .text.vPortEnterCritical
                0x080024e0       0x5c ..\obj\port.o
                0x080024e0                vPortEnterCritical
 .text.vPortExitCritical
                0x0800253c       0x50 ..\obj\port.o
                0x0800253c                vPortExitCritical
 *fill*         0x0800258c        0x4 
 .text.PendSV_Handler
                0x08002590       0x68 ..\obj\port.o
                0x08002590                PendSV_Handler
 .text.SysTick_Handler
                0x080025f8       0x40 ..\obj\port.o
                0x080025f8                SysTick_Handler
 .text.vPortSetupTimerInterrupt
                0x08002638       0x48 ..\obj\port.o
                0x08002638                vPortSetupTimerInterrupt
 .text.vPortEnableVFP
                0x08002680       0x18 ..\obj\port.o
 .text.vPortValidateInterruptPriority
                0x08002698       0x7c ..\obj\port.o
                0x08002698                vPortValidateInterruptPriority
 .text.xQueueGenericReset
                0x08002714       0xd0 ..\obj\queue.o
                0x08002714                xQueueGenericReset
 .text.xQueueGenericCreate
                0x080027e4       0x9c ..\obj\queue.o
                0x080027e4                xQueueGenericCreate
 .text.prvInitialiseNewQueue
                0x08002880       0x46 ..\obj\queue.o
 *fill*         0x080028c6        0x2 
 .text.xQueueGenericSend
                0x080028c8      0x1f4 ..\obj\queue.o
                0x080028c8                xQueueGenericSend
 .text.xQueueGenericSendFromISR
                0x08002abc      0x14a ..\obj\queue.o
                0x08002abc                xQueueGenericSendFromISR
 *fill*         0x08002c06        0x2 
 .text.xQueueReceive
                0x08002c08      0x1b8 ..\obj\queue.o
                0x08002c08                xQueueReceive
 .text.prvCopyDataToQueue
                0x08002dc0       0xd4 ..\obj\queue.o
 .text.prvCopyDataFromQueue
                0x08002e94       0x4c ..\obj\queue.o
 .text.prvUnlockQueue
                0x08002ee0       0xa4 ..\obj\queue.o
 .text.prvIsQueueEmpty
                0x08002f84       0x2c ..\obj\queue.o
 .text.prvIsQueueFull
                0x08002fb0       0x30 ..\obj\queue.o
 .text.vQueueAddToRegistry
                0x08002fe0       0x50 ..\obj\queue.o
                0x08002fe0                vQueueAddToRegistry
 .text.vQueueWaitForMessageRestricted
                0x08003030       0x68 ..\obj\queue.o
                0x08003030                vQueueWaitForMessageRestricted
 .text.Reset_Handler
                0x08003098       0x44 ..\obj\startup_stm32f30x.o
                0x08003098                Reset_Handler
 .text.Default_Handler
                0x080030dc        0x2 ..\obj\startup_stm32f30x.o
                0x080030dc                RTC_Alarm_IRQHandler
                0x080030dc                TIM8_TRG_COM_IRQHandler
                0x080030dc                TIM8_CC_IRQHandler
                0x080030dc                DebugMon_Handler
                0x080030dc                TIM1_CC_IRQHandler
                0x080030dc                HardFault_Handler
                0x080030dc                USB_HP_IRQHandler
                0x080030dc                PVD_IRQHandler
                0x080030dc                NMI_Handler
                0x080030dc                EXTI3_IRQHandler
                0x080030dc                EXTI0_IRQHandler
                0x080030dc                I2C2_EV_IRQHandler
                0x080030dc                FPU_IRQHandler
                0x080030dc                EXTI2_TS_IRQHandler
                0x080030dc                TIM1_UP_TIM16_IRQHandler
                0x080030dc                UsageFault_Handler
                0x080030dc                ADC1_2_IRQHandler
                0x080030dc                SPI1_IRQHandler
                0x080030dc                TIM6_DAC_IRQHandler
                0x080030dc                TIM8_UP_IRQHandler
                0x080030dc                DMA2_Channel2_IRQHandler
                0x080030dc                DMA1_Channel4_IRQHandler
                0x080030dc                USART3_IRQHandler
                0x080030dc                DMA1_Channel7_IRQHandler
                0x080030dc                CAN1_RX1_IRQHandler
                0x080030dc                UART5_IRQHandler
                0x080030dc                ADC3_IRQHandler
                0x080030dc                TIM4_IRQHandler
                0x080030dc                DMA2_Channel1_IRQHandler
                0x080030dc                I2C1_EV_IRQHandler
                0x080030dc                DMA1_Channel6_IRQHandler
                0x080030dc                UART4_IRQHandler
                0x080030dc                DMA2_Channel4_IRQHandler
                0x080030dc                TIM3_IRQHandler
                0x080030dc                RCC_IRQHandler
                0x080030dc                DMA1_Channel1_IRQHandler
                0x080030dc                Default_Handler
                0x080030dc                USBWakeUp_RMP_IRQHandler
                0x080030dc                EXTI15_10_IRQHandler
                0x080030dc                TIM7_IRQHandler
                0x080030dc                EXTI9_5_IRQHandler
                0x080030dc                TAMPER_STAMP_IRQHandler
                0x080030dc                RTC_WKUP_IRQHandler
                0x080030dc                SPI2_IRQHandler
                0x080030dc                MemManage_Handler
                0x080030dc                DMA2_Channel5_IRQHandler
                0x080030dc                DMA1_Channel5_IRQHandler
                0x080030dc                USB_LP_IRQHandler
                0x080030dc                EXTI4_IRQHandler
                0x080030dc                USB_LP_CAN1_RX0_IRQHandler
                0x080030dc                TIM1_TRG_COM_TIM17_IRQHandler
                0x080030dc                USB_HP_CAN1_TX_IRQHandler
                0x080030dc                DMA1_Channel3_IRQHandler
                0x080030dc                ADC4_IRQHandler
                0x080030dc                WWDG_IRQHandler
                0x080030dc                TIM2_IRQHandler
                0x080030dc                COMP7_IRQHandler
                0x080030dc                COMP1_2_3_IRQHandler
                0x080030dc                EXTI1_IRQHandler
                0x080030dc                USART2_IRQHandler
                0x080030dc                COMP4_5_6_IRQHandler
                0x080030dc                I2C2_ER_IRQHandler
                0x080030dc                DMA1_Channel2_IRQHandler
                0x080030dc                TIM8_BRK_IRQHandler
                0x080030dc                CAN1_SCE_IRQHandler
                0x080030dc                FLASH_IRQHandler
                0x080030dc                BusFault_Handler
                0x080030dc                USART1_IRQHandler
                0x080030dc                SPI3_IRQHandler
                0x080030dc                I2C1_ER_IRQHandler
                0x080030dc                USBWakeUp_IRQHandler
                0x080030dc                DMA2_Channel3_IRQHandler
                0x080030dc                TIM1_BRK_TIM15_IRQHandler
 *fill*         0x080030de        0x2 
 .text.pvPortMalloc
                0x080030e0      0x124 ..\obj\heap_2.o
                0x080030e0                pvPortMalloc
 .text.vPortFree
                0x08003204       0x74 ..\obj\heap_2.o
                0x08003204                vPortFree
 .text.prvHeapInit
                0x08003278       0x54 ..\obj\heap_2.o
 .text          0x080032cc      0x378 d:/7 2018-q2-update/bin/../lib/gcc/arm-none-eabi/7.3.1/thumb/v7e-m/fpv4-sp/hard\libgcc.a(_arm_addsubdf3.o)
                0x080032cc                __aeabi_drsub
                0x080032d4                __aeabi_dsub
                0x080032d4                __subdf3
                0x080032d8                __aeabi_dadd
                0x080032d8                __adddf3
                0x08003550                __floatunsidf
                0x08003550                __aeabi_ui2d
                0x08003570                __floatsidf
                0x08003570                __aeabi_i2d
                0x08003594                __aeabi_f2d
                0x08003594                __extendsfdf2
                0x080035d8                __floatundidf
                0x080035d8                __aeabi_ul2d
                0x080035e8                __floatdidf
                0x080035e8                __aeabi_l2d
 .text          0x08003644      0x424 d:/7 2018-q2-update/bin/../lib/gcc/arm-none-eabi/7.3.1/thumb/v7e-m/fpv4-sp/hard\libgcc.a(_arm_muldivdf3.o)
                0x08003644                __aeabi_dmul
                0x08003644                __muldf3
                0x08003898                __divdf3
                0x08003898                __aeabi_ddiv
 .text          0x08003a68      0x110 d:/7 2018-q2-update/bin/../lib/gcc/arm-none-eabi/7.3.1/thumb/v7e-m/fpv4-sp/hard\libgcc.a(_arm_cmpdf2.o)
                0x08003a68                __gtdf2
                0x08003a68                __gedf2
                0x08003a70                __ltdf2
                0x08003a70                __ledf2
                0x08003a78                __nedf2
                0x08003a78                __eqdf2
                0x08003a78                __cmpdf2
                0x08003af4                __aeabi_cdrcmple
                0x08003b04                __aeabi_cdcmpeq
                0x08003b04                __aeabi_cdcmple
                0x08003b14                __aeabi_dcmpeq
                0x08003b28                __aeabi_dcmplt
                0x08003b3c                __aeabi_dcmple
                0x08003b50                __aeabi_dcmpge
                0x08003b64                __aeabi_dcmpgt
 .text          0x08003b78      0x134 d:/7 2018-q2-update/bin/../lib/gcc/arm-none-eabi/7.3.1/../../../../arm-none-eabi/lib/thumb/v7e-m/fpv4-sp/hard\libg.a(lib_a-memcpy.o)
                0x08003b78                memcpy
 .text.memset   0x08003cac       0x94 d:/7 2018-q2-update/bin/../lib/gcc/arm-none-eabi/7.3.1/../../../../arm-none-eabi/lib/thumb/v7e-m/fpv4-sp/hard\libg.a(lib_a-memset.o)
                0x08003cac                memset
 *(.init)
 *(.fini)
 *crtbegin.o(.ctors)
 *crtbegin?.o(.ctors)
 *(EXCLUDE_FILE(*crtend.o *crtend?.o) .ctors)
 *(SORT_BY_NAME(.ctors.*))
 *(.ctors)
 *crtbegin.o(.dtors)
 *crtbegin?.o(.dtors)
 *(EXCLUDE_FILE(*crtend.o *crtend?.o) .dtors)
 *(SORT_BY_NAME(.dtors.*))
 *(.dtors)
 *(.rodata*)
 .rodata        0x08003d40        0xc ..\obj\main.o
 .rodata        0x08003d4c        0xd ..\obj\timers.o
 *fill*         0x08003d59        0x3 
 .rodata        0x08003d5c        0x5 ..\obj\tasks.o
 *(.eh_fram e*)

.glue_7         0x08003d64        0x0
 .glue_7        0x08003d64        0x0 linker stubs

.glue_7t        0x08003d64        0x0
 .glue_7t       0x08003d64        0x0 linker stubs

.vfp11_veneer   0x08003d64        0x0
 .vfp11_veneer  0x08003d64        0x0 linker stubs

.v4_bx          0x08003d64        0x0
 .v4_bx         0x08003d64        0x0 linker stubs

.iplt           0x08003d64        0x0
 .iplt          0x08003d64        0x0 ..\obj\stm32f30x_rcc.o

.rel.dyn        0x08003d64        0x0
 .rel.iplt      0x08003d64        0x0 ..\obj\stm32f30x_rcc.o

.ARM.extab
 *(.ARM.extab* .gnu.linkonce.armextab.*)
                0x08003d64                __exidx_start = .

.ARM.exidx
 *(.ARM.exidx* .gnu.linkonce.armexidx.*)
                0x08003d64                __exidx_end = .
                0x08003d64                __etext = .
                0x08003d61                _sidata = __etext

.data           0x20000000       0x1c load address 0x08003d61
                0x20000000                __data_start__ = .
                0x20000000                _sdata = __data_start__
 *(vtable)
 *(.data*)
 .data          0x20000000       0x14 ..\obj\system_stm32f30x_temp.o
                0x20000000                SystemCoreClock
                0x20000004                AHBPrescTable
 .data          0x20000014        0x4 ..\obj\port.o
 .data          0x20000018        0x4 ..\obj\heap_2.o
                0x2000001c                . = ALIGN (0x4)
                [!provide]                PROVIDE (__preinit_array_start = .)
 *(.preinit_array)
                [!provide]                PROVIDE (__preinit_array_end = .)
                0x2000001c                . = ALIGN (0x4)
                [!provide]                PROVIDE (__init_array_start = .)
 *(SORT_BY_NAME(.init_array.*))
 *(.init_array)
                [!provide]                PROVIDE (__init_array_end = .)
                0x2000001c                . = ALIGN (0x4)
                [!provide]                PROVIDE (__fini_array_start = .)
 *(SORT_BY_NAME(.fini_array.*))
 *(.fini_array)
                [!provide]                PROVIDE (__fini_array_end = .)
 *(.jcr*)
                0x2000001c                . = ALIGN (0x4)
                0x2000001c                __data_end__ = .
                0x2000001c                _edata = __data_end__

.igot.plt       0x2000001c        0x0 load address 0x08003d80
 .igot.plt      0x2000001c        0x0 ..\obj\stm32f30x_rcc.o

.bss            0x2000001c     0x3da0 load address 0x08003d80
                0x2000001c                . = ALIGN (0x4)
                0x2000001c                __bss_start__ = .
                0x2000001c                _sbss = __bss_start__
 *(.bss*)
 .bss           0x2000001c       0x3c ..\obj\timers.o
 .bss           0x20000058      0x104 ..\obj\tasks.o
                0x20000058                pxCurrentTCB
 .bss           0x2000015c        0x8 ..\obj\port.o
 .bss           0x20000164     0x3c14 ..\obj\heap_2.o
 *(COMMON)
 COMMON         0x20003d78        0x4 ..\obj\main.o
                0x20003d78                g_led
 COMMON         0x20003d7c       0x40 ..\obj\queue.o
                0x20003d7c                xQueueRegistry
                0x20003dbc                . = ALIGN (0x4)
                0x20003dbc                __bss_end__ = .
                0x20003dbc                _ebss = __bss_end__

.heap           0x20003dbc        0x0
                0x20003dbc                __end__ = .
                0x20003dbc                _end = __end__
                0x20003dbc                end = __end__
 *(.heap*)
                0x20003dbc                __HeapLimit = .

.co_stack       0x20003dbc        0x4 load address 0x08007b20
                0x20003dc0                . = ALIGN (0x8)
 *fill*         0x20003dbc        0x4 
 *(.co_stack .co_stack.*)
                0x2000a000                __StackTop = (ORIGIN (ram) + LENGTH (ram))
                0x20009ffc                __StackLimit = (__StackTop - SIZEOF (.co_stack))
                [!provide]                PROVIDE (__stack = __StackTop)
                0x00000001                ASSERT ((__StackLimit >= __HeapLimit), region ram  overflowed with stack)
LOAD ..\obj\stm32f30x_rcc.o
LOAD ..\obj\stm32303c_eval.o
LOAD ..\obj\stm32f30x_gpio.o
LOAD ..\obj\main.o
LOAD ..\obj\timers.o
LOAD ..\obj\tasks.o
LOAD ..\obj\stm32f30x_exti.o
LOAD ..\obj\stm32f30x_spi.o
LOAD ..\obj\stm32f30x_i2c.o
LOAD ..\obj\system_stm32f30x_temp.o
LOAD ..\obj\list.o
LOAD ..\obj\stm32f30x_misc.o
LOAD ..\obj\stm32f30x_tim.o
LOAD ..\obj\port.o
LOAD ..\obj\queue.o
LOAD ..\obj\startup_stm32f30x.o
LOAD ..\obj\stream_buffer.o
LOAD ..\obj\croutine.o
LOAD ..\obj\stm32f30x_syscfg.o
LOAD ..\obj\event_groups.o
LOAD ..\obj\stm32f30x_pwr.o
LOAD ..\obj\heap_2.o
LOAD ..\obj\stm32f30x_usart.o
START GROUP
LOAD d:/7 2018-q2-update/bin/../lib/gcc/arm-none-eabi/7.3.1/thumb/v7e-m/fpv4-sp/hard\libgcc.a
LOAD d:/7 2018-q2-update/bin/../lib/gcc/arm-none-eabi/7.3.1/../../../../arm-none-eabi/lib/thumb/v7e-m/fpv4-sp/hard\libg.a
LOAD d:/7 2018-q2-update/bin/../lib/gcc/arm-none-eabi/7.3.1/../../../../arm-none-eabi/lib/thumb/v7e-m/fpv4-sp/hard\libc.a
END GROUP
OUTPUT(Rtos.elf elf32-littlearm)

.debug_info     0x00000000     0xa261
 .debug_info    0x00000000      0xad7 ..\obj\stm32f30x_rcc.o
 .debug_info    0x00000ad7      0x61c ..\obj\stm32f30x_gpio.o
 .debug_info    0x000010f3      0x695 ..\obj\main.o
 .debug_info    0x00001788     0x14fc ..\obj\timers.o
 .debug_info    0x00002c84     0x29c6 ..\obj\tasks.o
 .debug_info    0x0000564a      0xb80 ..\obj\stm32f30x_spi.o
 .debug_info    0x000061ca      0x4c0 ..\obj\system_stm32f30x_temp.o
 .debug_info    0x0000668a      0xafe ..\obj\list.o
 .debug_info    0x00007188      0x57d ..\obj\port.o
 .debug_info    0x00007705     0x1ffe ..\obj\queue.o
 .debug_info    0x00009703       0x22 ..\obj\startup_stm32f30x.o
 .debug_info    0x00009725      0xb3c ..\obj\heap_2.o

.debug_abbrev   0x00000000     0x192b
 .debug_abbrev  0x00000000      0x1fa ..\obj\stm32f30x_rcc.o
 .debug_abbrev  0x000001fa      0x1ad ..\obj\stm32f30x_gpio.o
 .debug_abbrev  0x000003a7      0x21a ..\obj\main.o
 .debug_abbrev  0x000005c1      0x2fb ..\obj\timers.o
 .debug_abbrev  0x000008bc      0x394 ..\obj\tasks.o
 .debug_abbrev  0x00000c50      0x19e ..\obj\stm32f30x_spi.o
 .debug_abbrev  0x00000dee      0x169 ..\obj\system_stm32f30x_temp.o
 .debug_abbrev  0x00000f57      0x202 ..\obj\list.o
 .debug_abbrev  0x00001159      0x21e ..\obj\port.o
 .debug_abbrev  0x00001377      0x324 ..\obj\queue.o
 .debug_abbrev  0x0000169b       0x12 ..\obj\startup_stm32f30x.o
 .debug_abbrev  0x000016ad      0x27e ..\obj\heap_2.o

.debug_aranges  0x00000000      0x8b0
 .debug_aranges
                0x00000000      0x150 ..\obj\stm32f30x_rcc.o
 .debug_aranges
                0x00000150       0x80 ..\obj\stm32f30x_gpio.o
 .debug_aranges
                0x000001d0       0x70 ..\obj\main.o
 .debug_aranges
                0x00000240       0xd8 ..\obj\timers.o
 .debug_aranges
                0x00000318      0x1f8 ..\obj\tasks.o
 .debug_aranges
                0x00000510      0x118 ..\obj\stm32f30x_spi.o
 .debug_aranges
                0x00000628       0x30 ..\obj\system_stm32f30x_temp.o
 .debug_aranges
                0x00000658       0x40 ..\obj\list.o
 .debug_aranges
                0x00000698       0x80 ..\obj\port.o
 .debug_aranges
                0x00000718      0x130 ..\obj\queue.o
 .debug_aranges
                0x00000848       0x28 ..\obj\startup_stm32f30x.o
 .debug_aranges
                0x00000870       0x40 ..\obj\heap_2.o

.debug_ranges   0x00000000      0x7f8
 .debug_ranges  0x00000000      0x140 ..\obj\stm32f30x_rcc.o
 .debug_ranges  0x00000140       0x70 ..\obj\stm32f30x_gpio.o
 .debug_ranges  0x000001b0       0x60 ..\obj\main.o
 .debug_ranges  0x00000210       0xc8 ..\obj\timers.o
 .debug_ranges  0x000002d8      0x1e8 ..\obj\tasks.o
 .debug_ranges  0x000004c0      0x108 ..\obj\stm32f30x_spi.o
 .debug_ranges  0x000005c8       0x20 ..\obj\system_stm32f30x_temp.o
 .debug_ranges  0x000005e8       0x30 ..\obj\list.o
 .debug_ranges  0x00000618       0x70 ..\obj\port.o
 .debug_ranges  0x00000688      0x120 ..\obj\queue.o
 .debug_ranges  0x000007a8       0x20 ..\obj\startup_stm32f30x.o
 .debug_ranges  0x000007c8       0x30 ..\obj\heap_2.o

.debug_line     0x00000000     0x3f28
 .debug_line    0x00000000      0x558 ..\obj\stm32f30x_rcc.o
 .debug_line    0x00000558      0x2f2 ..\obj\stm32f30x_gpio.o
 .debug_line    0x0000084a      0x3a2 ..\obj\main.o
 .debug_line    0x00000bec      0x672 ..\obj\timers.o
 .debug_line    0x0000125e      0xfea ..\obj\tasks.o
 .debug_line    0x00002248      0x4bc ..\obj\stm32f30x_spi.o
 .debug_line    0x00002704      0x1bb ..\obj\system_stm32f30x_temp.o
 .debug_line    0x000028bf      0x2d5 ..\obj\list.o
 .debug_line    0x00002b94      0x3c6 ..\obj\port.o
 .debug_line    0x00002f5a      0xc5a ..\obj\queue.o
 .debug_line    0x00003bb4       0x9e ..\obj\startup_stm32f30x.o
 .debug_line    0x00003c52      0x2d6 ..\obj\heap_2.o

.debug_str      0x00000000     0x330e
 .debug_str     0x00000000      0x7b1 ..\obj\stm32f30x_rcc.o
                                0x847 (size before relaxing)
 .debug_str     0x000007b1      0x322 ..\obj\stm32f30x_gpio.o
                                0x4f2 (size before relaxing)
 .debug_str     0x00000ad3      0x22e ..\obj\main.o
                                0x5b1 (size before relaxing)
 .debug_str     0x00000d01      0x949 ..\obj\timers.o
                                0xbbb (size before relaxing)
 .debug_str     0x0000164a      0xdd4 ..\obj\tasks.o
                               0x1518 (size before relaxing)
 .debug_str     0x0000241e      0x3d3 ..\obj\stm32f30x_spi.o
                                0x81a (size before relaxing)
 .debug_str     0x000027f1       0xe7 ..\obj\system_stm32f30x_temp.o
                                0x34d (size before relaxing)
 .debug_str     0x000028d8       0xc0 ..\obj\list.o
                                0x6fa (size before relaxing)
 .debug_str     0x00002998      0x1fd ..\obj\port.o
                                0x446 (size before relaxing)
 .debug_str     0x00002b95      0x5c8 ..\obj\queue.o
                                0xdab (size before relaxing)
 .debug_str     0x0000315d       0x51 ..\obj\startup_stm32f30x.o
                                 0x7c (size before relaxing)
 .debug_str     0x000031ae      0x160 ..\obj\heap_2.o
                                0x751 (size before relaxing)

.comment        0x00000000       0x7f
 .comment       0x00000000       0x7f ..\obj\stm32f30x_rcc.o
                                 0x80 (size before relaxing)
 .comment       0x0000007f       0x80 ..\obj\stm32f30x_gpio.o
 .comment       0x0000007f       0x80 ..\obj\main.o
 .comment       0x0000007f       0x80 ..\obj\timers.o
 .comment       0x0000007f       0x80 ..\obj\tasks.o
 .comment       0x0000007f       0x80 ..\obj\stm32f30x_spi.o
 .comment       0x0000007f       0x80 ..\obj\system_stm32f30x_temp.o
 .comment       0x0000007f       0x80 ..\obj\list.o
 .comment       0x0000007f       0x80 ..\obj\port.o
 .comment       0x0000007f       0x80 ..\obj\queue.o
 .comment       0x0000007f       0x80 ..\obj\heap_2.o

.ARM.attributes
                0x00000000       0x37
 .ARM.attributes
                0x00000000       0x39 ..\obj\stm32f30x_rcc.o
 .ARM.attributes
                0x00000039       0x39 ..\obj\stm32f30x_gpio.o
 .ARM.attributes
                0x00000072       0x39 ..\obj\main.o
 .ARM.attributes
                0x000000ab       0x39 ..\obj\timers.o
 .ARM.attributes
                0x000000e4       0x39 ..\obj\tasks.o
 .ARM.attributes
                0x0000011d       0x39 ..\obj\stm32f30x_spi.o
 .ARM.attributes
                0x00000156       0x39 ..\obj\system_stm32f30x_temp.o
 .ARM.attributes
                0x0000018f       0x39 ..\obj\list.o
 .ARM.attributes
                0x000001c8       0x39 ..\obj\port.o
 .ARM.attributes
                0x00000201       0x39 ..\obj\queue.o
 .ARM.attributes
                0x0000023a       0x21 ..\obj\startup_stm32f30x.o
 .ARM.attributes
                0x0000025b       0x39 ..\obj\heap_2.o
 .ARM.attributes
                0x00000294       0x22 d:/7 2018-q2-update/bin/../lib/gcc/arm-none-eabi/7.3.1/thumb/v7e-m/fpv4-sp/hard\libgcc.a(_arm_addsubdf3.o)
 .ARM.attributes
                0x000002b6       0x22 d:/7 2018-q2-update/bin/../lib/gcc/arm-none-eabi/7.3.1/thumb/v7e-m/fpv4-sp/hard\libgcc.a(_arm_muldivdf3.o)
 .ARM.attributes
                0x000002d8       0x22 d:/7 2018-q2-update/bin/../lib/gcc/arm-none-eabi/7.3.1/thumb/v7e-m/fpv4-sp/hard\libgcc.a(_arm_cmpdf2.o)
 .ARM.attributes
                0x000002fa       0x20 d:/7 2018-q2-update/bin/../lib/gcc/arm-none-eabi/7.3.1/../../../../arm-none-eabi/lib/thumb/v7e-m/fpv4-sp/hard\libg.a(lib_a-memcpy.o)
 .ARM.attributes
                0x0000031a       0x34 d:/7 2018-q2-update/bin/../lib/gcc/arm-none-eabi/7.3.1/../../../../arm-none-eabi/lib/thumb/v7e-m/fpv4-sp/hard\libg.a(lib_a-memset.o)

.debug_frame    0x00000000     0x25a4
 .debug_frame   0x00000000      0x60c ..\obj\stm32f30x_rcc.o
 .debug_frame   0x0000060c      0x214 ..\obj\stm32f30x_gpio.o
 .debug_frame   0x00000820      0x178 ..\obj\main.o
 .debug_frame   0x00000998      0x38c ..\obj\timers.o
 .debug_frame   0x00000d24      0x890 ..\obj\tasks.o
 .debug_frame   0x000015b4      0x508 ..\obj\stm32f30x_spi.o
 .debug_frame   0x00001abc       0x7c ..\obj\system_stm32f30x_temp.o
 .debug_frame   0x00001b38       0xd8 ..\obj\list.o
 .debug_frame   0x00001c10      0x1a8 ..\obj\port.o
 .debug_frame   0x00001db8      0x534 ..\obj\queue.o
 .debug_frame   0x000022ec       0xc0 ..\obj\heap_2.o
 .debug_frame   0x000023ac       0xac d:/7 2018-q2-update/bin/../lib/gcc/arm-none-eabi/7.3.1/thumb/v7e-m/fpv4-sp/hard\libgcc.a(_arm_addsubdf3.o)
 .debug_frame   0x00002458       0x50 d:/7 2018-q2-update/bin/../lib/gcc/arm-none-eabi/7.3.1/thumb/v7e-m/fpv4-sp/hard\libgcc.a(_arm_muldivdf3.o)
 .debug_frame   0x000024a8       0xc4 d:/7 2018-q2-update/bin/../lib/gcc/arm-none-eabi/7.3.1/thumb/v7e-m/fpv4-sp/hard\libgcc.a(_arm_cmpdf2.o)
 .debug_frame   0x0000256c       0x38 d:/7 2018-q2-update/bin/../lib/gcc/arm-none-eabi/7.3.1/../../../../arm-none-eabi/lib/thumb/v7e-m/fpv4-sp/hard\libg.a(lib_a-memset.o)
